60e00000 T _start
60e00020 t _undefined_instruction
60e00024 t _software_interrupt
60e00028 t _prefetch_abort
60e0002c t _data_abort
60e00030 t _not_used
60e00034 t _irq
60e00038 t _fiq
60e00040 t _TEXT_BASE
60e00044 t _EXCEPTION_BASE
60e00048 T _armboot_start
60e0004c T _bss_start
60e00050 T _bss_end
60e00054 t reset
60e00080 t relocate
60e000a0 t copy_loop
60e000b0 t stack_setup
60e000c0 t clear_bss
60e000cc t clbss_l
60e000e0 t _start_armboot
60e000e4 t cpu_init_crit
60e00120 t undefined_instruction
60e00180 t software_interrupt
60e001e0 t prefetch_abort
60e00240 t data_abort
60e002a0 t not_used
60e00300 t irq
60e00360 t fiq
60e003c0 T platformsetup
60e003c4 T enable_interrupts
60e003c8 T disable_interrupts
60e003d0 T bad_mode
60e003ec T show_regs
60e0052c T do_undefined_instruction
60e00550 T do_software_interrupt
60e00574 T do_prefetch_abort
60e00598 T do_data_abort
60e005bc T do_not_used
60e005e0 T do_fiq
60e00604 T do_irq
60e00628 T set_timer
60e00638 T reset_timer_masked
60e00660 T reset_timer
60e00664 T interrupt_init
60e00690 T get_timer_masked
60e006cc T get_timer
60e006e0 T udelay
60e00744 T udelay_masked
60e00790 T get_ticks
60e007a0 T get_tbclk
60e007ac t display_banner
60e007fc t display_dram_config
60e00868 t init_baudrate
60e008c0 T sbrk
60e008f8 T hang
60e0090c T start_armboot
60e00abc T raise
60e00ad0 t startAgainTimeout
60e00ae4 t startAgainHandler
60e00ae8 t NetCopyIP
60e00af0 t NetReadIP
60e00b0c t PingHandler
60e00b34 t PingTimeout
60e00b50 T NetSetHandler
60e00b60 T NetSetTimeout
60e00b90 T NetStartAgain
60e00c10 T NetSendPacket
60e00c14 T NetCksum
60e00c48 T NetCksumOk
60e00c6c T NetEthHdrSize
60e00cb0 T NetSetEther
60e00d5c T ArpRequest
60e00e50 T ArpTimeoutCheck
60e00ed4 T PingSend
60e0100c T NetSetIP
60e0111c T NetSendUDPPacket
60e01254 T copy_filename
60e01298 T ip_to_string
60e012d4 T string_to_ip
60e01330 T VLAN_to_string
60e01380 T string_to_VLAN
60e013d4 T print_IPaddr
60e013f0 T NetReceive
60e018e0 T getenv_IPaddr
60e018f0 T getenv_VLAN
60e01900 T NetLoop
60e01ca8 t TftpSend
60e01e10 t TftpTimeout
60e01e6c t TftpHandler
60e020b0 T TftpStart
60e022ac t NetCopyIP
60e022b4 t BootpHandler
60e02654 T BootpRequest
60e02880 t BootpTimeout
60e028c8 t RarpHandler
60e02908 T RarpRequest
60e02a00 t RarpTimeout
60e02a48 T serial_init
60e02a78 T serial_putc
60e02aa8 T serial_puts
60e02ac8 T serial_getc
60e02adc T serial_tstc
60e02ae8 T serial_setbrg
60e02b14 T NS16550_init
60e02b60 T NS16550_reinit
60e02bac T NS16550_putc
60e02bc0 T NS16550_getc
60e02bd4 T NS16550_tstc
60e02be0 t delete_char.part.0.constprop.1
60e02cb8 T remove_string_from_bootargs
60e02d60 T readline
60e02f38 T run_command
60e03338 T main_loop
60e0353c T do_run
60e035bc T do_bdinfo
60e036ac T do_go
60e0372c t __fswab32
60e03734 t zfree
60e0373c t zalloc
60e0374c T print_image_hdr
60e038a4 t image_info
60e03994 T do_iminfo
60e039f4 T gunzip
60e03b44 T do_bootm
60e04058 t get_dev
60e04094 T do_ext2load
60e04344 T do_ext2ls
60e0447c T get_dev
60e044b0 T do_fat_fsinfo
60e04588 T do_fat_ls
60e04690 T do_fat_fsload
60e04810 t ident_cpy
60e04880 t ide_wait
60e048cc T ide_read
60e04a98 t ide_probe
60e04b4c t byte_swap_and_trim
60e04bd8 t ide_ident
60e04ce8 T do_diskboot
60e04fec T ide_init
60e05148 T is_device_present
60e05168 T ide_get_dev
60e0517c T ide_write
60e052b0 T do_ide
60e056bc T do_mem_base
60e056fc T do_mem_mtest
60e05834 T do_mem_crc
60e058f4 T cmd_get_data_size
60e05944 T do_mem_loop
60e05a48 T do_mem_cp
60e05b30 T do_mem_cmp
60e05cc8 T do_mem_mw
60e05d98 t mod_mem.isra.4.part.5
60e05ecc T do_mem_nm
60e05f04 T do_mem_mm
60e05f3c T do_mem_md
60e06114 t str2long
60e06150 T do_nandwriteboot
60e061f8 t arg_off_size.isra.2
60e062dc T do_nand
60e06a04 T do_nandboot
60e06bbc t netboot_common
60e06e64 T do_rarpb
60e06e70 T do_tftpb
60e06e7c T do_bootp
60e06e88 T do_ping
60e06f18 t envmatch
60e06f90 T do_saveenv
60e06fbc T do_printenv
60e07170 T _do_setenv
60e075c4 T do_setenv
60e07600 T setenv
60e07630 T getenv
60e076b4 T getenv_r
60e07788 T do_ledfail
60e07838 T do_version
60e07858 T do_echo
60e078d8 T do_exit
60e07908 T do_test
60e07d74 T find_cmd
60e07e08 T do_help
60e07fc4 T cmd_usage
60e07fdc t console_setfile
60e08080 T serial_printf
60e080b8 T fgetc
60e080e4 T ftstc
60e08110 T fputc
60e08138 T fputs
60e08160 T fprintf
60e081a0 T getc
60e081b8 T tstc
60e081d0 T putc
60e081ec T puts
60e08208 T printf
60e08240 T vprintf
60e0826c T ctrlc
60e082b8 T disable_ctrlc
60e082d0 T had_ctrlc
60e082e0 T clear_ctrlc
60e082f4 T dbg
60e08300 T console_assign
60e08390 T console_init_f
60e083a0 T console_init_r
60e0852c T device_register
60e08550 T devices_init
60e085f8 T devices_done
60e08614 T malloc_bin_reloc
60e08640 T malloc_trim
60e08710 T free
60e08934 T cfree
60e08938 T malloc
60e08ee8 T calloc
60e08fbc T memalign
60e090cc T pvalloc
60e090e4 T valloc
60e090f0 T realloc
60e094f8 T malloc_usable_size
60e09534 T mallopt
60e095a8 T env_get_char_memory
60e095c8 t env_get_char_init
60e095e8 T env_crc_update
60e09614 T env_get_addr
60e09634 T env_relocate
60e096c8 t check_sram_env_integrity
60e0970c T env_get_char_spec
60e09718 T env_relocate_spec
60e09768 T saveenv
60e09818 T env_init
60e098ec t dummy
60e098f0 T get_version
60e098f8 T jumptable_init
60e09980 t b_reset
60e0999c t static_get
60e099b8 t static_peek
60e099c4 t file_peek
60e099d0 t syntax_err
60e099dc t xmalloc
60e099fc t free_pipe_list
60e09ae8 t xrealloc
60e09b08 t done_command
60e09b90 t b_addchr
60e09c08 t b_addqchr
60e09c54 t insert_var_value
60e09df0 t is_assignment.part.0
60e09e20 t file_get
60e09fdc t set_local_var.constprop.4
60e0a164 T simple_itoa
60e0a1bc T new_pipe
60e0a1e0 t done_pipe
60e0a22c T reserved_word
60e0a384 t done_word
60e0a4f0 T mapset
60e0a514 T update_ifs_map
60e0a584 T parse_string_outer
60e0a674 t run_list_real
60e0ae80 t parse_stream_outer
60e0b474 T parse_file_outer
60e0b4b8 T u_boot_hush_start
60e0b530 T NewHandle
60e0b588 T DisposeHandle
60e0b5a8 T GetHandleSize
60e0b5b0 T SetHandleSize
60e0b628 T ListCreate
60e0b688 T ListSetAllocationPolicy
60e0b69c T ListDispose
60e0b6a0 T ListInsertItems
60e0b844 T ListInsertItem
60e0b84c T ListGetItems
60e0b880 T ListGetPtrToItem
60e0b8ac T ListGetDataPtr
60e0b8b8 T ListGetItemSize
60e0b8c4 T ListNumItems
60e0b8d0 T nand_init
60e0b968 t nand_read_byte
60e0b978 t nand_write_byte
60e0b988 t nand_read_byte16
60e0b998 t nand_write_byte16
60e0b9a8 t nand_read_word
60e0b9b8 t nand_write_word
60e0b9c8 t nand_write_buf
60e0b9f4 t nand_read_buf
60e0ba1c t nand_verify_buf
60e0ba5c t nand_write_buf16
60e0ba8c t nand_read_buf16
60e0bab8 t nand_verify_buf16
60e0bafc t nand_check_wp
60e0bb38 t single_erase_cmd
60e0bb74 t multi_erase_cmd
60e0bbfc t nand_release_device
60e0bc34 t nand_sync
60e0bc38 t nand_block_bad
60e0bcf8 t nand_write_oob
60e0beb0 t nand_prepare_oobbuf
60e0bf94 t nand_block_isbad
60e0bfd8 t nand_block_markbad
60e0c00c t nand_read_oob
60e0c198 t nand_command_lp
60e0c3bc t nand_command
60e0c5b0 t nand_read_ecc
60e0cbd8 t nand_read
60e0cbfc t nand_wait
60e0cccc t generic_ffs.part.0
60e0cd14 t nand_write_ecc
60e0d244 t nand_write
60e0d268 t nand_select_chip
60e0d2bc T nand_read_mlc
60e0d4d0 T nand_write_mlc
60e0d6e8 T nand_read_raw
60e0d800 T nand_erase_nand
60e0d9f8 t nand_erase
60e0da00 T nand_scan
60e0e308 T nand_release
60e0e34c T nand_calculate_ecc
60e0e43c T nand_correct_data
60e0e55c t check_pattern
60e0e610 t create_bbt
60e0e7a0 t search_bbt
60e0e990 T nand_update_bbt
60e0ea40 t mark_bbt_region
60e0eba8 T nand_scan_bbt
60e0ee10 T nand_default_bbt
60e0eec4 T nand_isbad_bbt
60e0ef08 t nand_block_bad_scrub
60e0ef10 T nand_erase_opts
60e0f274 T nand_write_opts
60e0f6f4 T nand_read_opts
60e0f9f0 T nand_lock
60e0fa60 T nand_get_lock_status
60e0faec T nand_unlock
60e0fc18 T __aeabi_uidiv
60e0fc18 T __udivsi3
60e0fc18 t .udivsi3_skip_div0_test
60e0fe04 T __aeabi_uidivmod
60e0fe24 T __aeabi_idiv
60e0fe24 T __divsi3
60e0fe2c t .divsi3_skip_div0_test
60e10044 T __aeabi_idivmod
60e10064 W __aeabi_idiv0
60e10064 W __aeabi_ldiv0
60e10074 T crc32
60e10178 T crc32_no_comp
60e10274 T display_options
60e10294 T print_size
60e10334 T strnicmp
60e103ac T strcpy
60e103c4 T strncpy
60e103e8 T strcat
60e10414 T strncat
60e10468 T strcmp
60e10490 T strncmp
60e104d4 T strchr
60e10508 T strlen
60e10528 T strrchr
60e10564 T strnlen
60e10590 T strdup
60e105c4 T strspn
60e10604 T strpbrk
60e10640 T strtok
60e106b8 T strsep
60e106ec T strswab
60e1072c T memset
60e10748 T bcopy
60e10770 T memcpy
60e10790 T memmove
60e107f4 T memcmp
60e10828 T memscan
60e10854 T strstr
60e108b4 T memchr
60e108e4 t number
60e10b3c T simple_strtoul
60e10be8 T simple_strtol
60e10c10 T vsprintf
60e10ff8 T sprintf
60e1101c T panic
60e11068 t falloc
60e1108c t ffree
60e11090 t inflate_trees_free
60e110cc t huft_build
60e11648 t inflate_trees_fixed
60e11824 t inflate_blocks_reset
60e118f4 T adler32
60e11a60 t inflate_flush
60e11bcc T inflateReset
60e11c28 T inflateEnd
60e11cbc T inflateInit2
60e11e08 T inflateInit
60e11e10 T inflate
60e13b1c T inflateIncomp
60e13c48 T inflateSync
60e13d40 t nand_hwcontrol
60e13d64 t nand_write_byte
60e13d74 t nand_read_byte
60e13d84 T board_init
60e13e60 T board_late_init
60e13e68 T misc_init_r
60e13e70 T dram_init
60e13ea8 T reset_cpu
60e13f28 T board_nand_init
60e13fa4 T set_rx_descriptor
60e14094 T get_rx_descriptor
60e141a0 t eth_down
60e14318 T phy_read
60e14354 T phy_write
60e14390 T phy_detect
60e14424 T start_phy_reset
60e14468 T is_phy_reset_complete
60e14490 T is_phy_interface_rgmii
60e144a4 T phy_initialise
60e1461c T detect_link_speed
60e14684 T is_autoneg_complete
60e146a4 T is_link_ok
60e146c4 T eth_init
60e14c28 T eth_halt
60e14c44 T eth_rx
60e14d0c T eth_send
60e14f10 t xfer_wr_shadow_to_orbs
60e14f4c t encode_control_status
60e15080 t scr_write
60e150d4 t wait_sata_command_not_busy
60e15128 t wait_dma_not_busy.isra.1
60e151d4 t scr_read.constprop.3
60e1522c t wait_not_busy.constprop.4
60e1526c T oxnas_sata_inb
60e15380 t wait_no_error
60e15400 T oxnas_sata_outb
60e1559c T oxnas_sata_output_data
60e156bc T oxnas_sata_input_data
60e157d4 T ide_preinit
60e15abc t wait_cr_ack
60e15ad4 T workaround5458
60e15b78 T EnableSATAPhy
60e15c34 t cp_delay
60e15c60 T cpu_init
60e15c68 T cleanup_before_linux
60e15c90 T do_reset
60e15ca8 T icache_enable
60e15cc4 T icache_disable
60e15ce0 T icache_status
60e15cf4 t __fswab32
60e15cfc T do_bootm_linux
60e16070 T flush_cache
60e16074 t downcase
60e1609c t dirdelim
60e160d0 t compare_sign
60e16104 t get_name
60e161c8 t slot2str
60e16294 T disk_read
60e162e4 t read_bootsectandvi
60e163d0 t get_fatent
60e16530 t get_cluster
60e165b8 t get_vfatname
60e16734 T fat_register_device
60e1681c T do_fat_read
60e17108 T file_fat_detectfs
60e1724c T file_fat_ls
60e1725c T file_fat_read
60e17294 t ext2fs_read_inode
60e17360 T ext2fs_free_node
60e17380 T ext2fs_read_file
60e17818 t ext2fs_iterate_dir
60e17a94 T ext2fs_find_file1
60e17d24 T ext2fs_find_file
60e17da4 T ext2fs_ls
60e17e18 T ext2fs_open
60e17eb0 T ext2fs_close
60e17f64 T ext2fs_read
60e17f94 T ext2fs_mount
60e18044 T ext2fs_set_blk_dev
60e18098 T ext2fs_devread
60e18218 T dev_print
60e183c0 T init_part
60e183dc T get_partition_info
60e18404 T print_part
60e184c8 t le32_to_int
60e184ec t is_extended
60e18510 t get_partition_info_extended
60e18718 t print_partition_extended
60e188d4 T test_part_dos
60e18928 T print_part_dos
60e18954 T get_partition_info_dos
60e189f0 R version_string
60e18a20 r CSWTCH.48
60e18a6c r CSWTCH.50
60e18aa8 r CSWTCH.52
60e18ac4 r CSWTCH.54
60e18ad0 r CSWTCH.53
60e18ae8 r baudrate_table
60e18afc r default_nand_name
60e18b01 r nand_ecc_precalc_table
60e18c04 r crc_table
60e19004 r border
60e19050 r inflate_mask
60e19094 r CSWTCH.9
60e190a0 r CSWTCH.49
60e190a8 r sata_regs_base
60e190b0 r SATA_RIGHT_65
60e1e1b0 D init_sequence
60e1e1e8 D NetOurVLAN
60e1e1ea D NetBcastAddr
60e1e1f0 D NetOurNativeVLAN
60e1e1f2 d erase_seq
60e1e1f6 d tab_seq
60e1e200 D load_addr
60e1e204 d curr_device
60e1e208 D dp_last_length
60e1e20c D stdio_names
60e1e218 d av_
60e1e620 d sbrk_base
60e1e624 d trim_threshold
60e1e628 d mmap_threshold
60e1e62c D default_environment
60e1e824 D env_get_char
60e1e828 D env_name_spec
60e1e82c d reserved_list
60e1e8b0 D nand_curr_device
60e1e8b4 d nand_oob_8
60e1e9bc d nand_oob_16
60e1eac4 d nand_oob_64
60e1ebcc d nand_oob_128
60e1ecd4 D nand_manuf_ids
60e1ed14 D nand_flash_ids
60e1ef3c d largepage_flashbased
60e1ef80 d smallpage_flashbased
60e1efc4 d largepage_memorybased
60e1f008 d smallpage_memorybased
60e1f04c d bbt_main_descr
60e1f090 d bbt_mirror_descr
60e1f0d4 d agand_flashbased
60e1f118 d bbt_pattern
60e1f11c d mirror_pattern
60e1f120 d scan_agand_pattern
60e1f126 d scan_ff_pattern
60e1f128 d jffs2_oobinfo
60e1f230 d yaffs_oobinfo
60e1f338 d autoplace_oobinfo
60e1f440 D _ctype
60e1f540 d fixed_left
60e1f544 d cplens
60e1f5c0 d cplext
60e1f63c d cpdist
60e1f6b4 d cpdext
60e1f72c D z_errmsg
60e1f74c D zlib_version
60e1f750 D oxnas_ram_dma_settings
60e1f75c d oxnas_sata_dma_settings
60e1f768 d cur_part
60e1f76c D indir1_blkno
60e1f770 D indir2_blkno
60e1f774 A __u_boot_cmd_start
60e1f774 D __u_boot_cmd_bdinfo
60e1f78c D __u_boot_cmd_reset
60e1f7a4 D __u_boot_cmd_go
60e1f7bc D __u_boot_cmd_iminfo
60e1f7d4 D __u_boot_cmd_bootm
60e1f7ec D __u_boot_cmd_ext2load
60e1f804 D __u_boot_cmd_ext2ls
60e1f81c D __u_boot_cmd_fatinfo
60e1f834 D __u_boot_cmd_fatls
60e1f84c D __u_boot_cmd_fatload
60e1f864 D __u_boot_cmd_diskboot
60e1f87c D __u_boot_cmd_ide
60e1f894 D __u_boot_cmd_mtest
60e1f8ac D __u_boot_cmd_loop
60e1f8c4 D __u_boot_cmd_base
60e1f8dc D __u_boot_cmd_crc32
60e1f8f4 D __u_boot_cmd_cmp
60e1f90c D __u_boot_cmd_cp
60e1f924 D __u_boot_cmd_mw
60e1f93c D __u_boot_cmd_nm
60e1f954 D __u_boot_cmd_mm
60e1f96c D __u_boot_cmd_md
60e1f984 D __u_boot_cmd_nwboot
60e1f99c D __u_boot_cmd_nboot
60e1f9b4 D __u_boot_cmd_nand
60e1f9cc D __u_boot_cmd_ping
60e1f9e4 D __u_boot_cmd_rarpboot
60e1f9fc D __u_boot_cmd_tftpboot
60e1fa14 D __u_boot_cmd_bootp
60e1fa2c D __u_boot_cmd_run
60e1fa44 D __u_boot_cmd_saveenv
60e1fa5c D __u_boot_cmd_setenv
60e1fa74 D __u_boot_cmd_printenv
60e1fa8c D __u_boot_cmd_ledfail
60e1faa4 D __u_boot_cmd_question_mark
60e1fabc D __u_boot_cmd_help
60e1fad4 D __u_boot_cmd_exit
60e1faec D __u_boot_cmd_test
60e1fb04 D __u_boot_cmd_echo
60e1fb1c D __u_boot_cmd_version
60e1fb34 A __bss_start
60e1fb34 A __u_boot_cmd_end
60e1fb34 b timestamp
60e1fb38 b lastdec
60e1fb3c b mem_malloc_brk
60e1fb40 b mem_malloc_start
60e1fb44 b mem_malloc_end
60e1fb48 B monitor_flash_len
60e1fb4c B NetState
60e1fb50 B NetPingIP
60e1fb54 b packetHandler
60e1fb58 b timeHandler
60e1fb5c b timeStart
60e1fb60 b timeDelta
60e1fb64 B NetOurEther
60e1fb6c B NetTxPacket
60e1fb70 B NetOurIP
60e1fb74 B NetArpWaitPacketIP
60e1fb78 B NetOurSubnetMask
60e1fb7c B NetOurGatewayIP
60e1fb80 B NetArpWaitReplyIP
60e1fb84 B NetArpWaitTimerStart
60e1fb88 B NetArpWaitTry
60e1fb8c b mac.2165
60e1fb92 B NetEtherNullAddr
60e1fb98 B NetArpWaitPacketMAC
60e1fb9c B NetArpWaitTxPacket
60e1fba0 B NetIPID
60e1fba4 b PingSeqNo
60e1fba8 B NetArpWaitTxPacketSize
60e1fbac B NetRxPkt
60e1fbb0 B NetRxPktLen
60e1fbb4 B NetServerIP
60e1fbb8 B NetServerEther
60e1fbbe B PktBuf
60e219e0 B NetRxPackets
60e219f0 B NetArpWaitPacketBuf
60e22010 B NetBootFileXferSize
60e22014 B BootFile
60e22094 B NetBootFileSize
60e22096 B NetOurRootPath
60e220d6 B NetOurHostName
60e220f6 B NetOurNISDomain
60e22118 B NetOurDNSIP
60e2211c b TftpState
60e22120 b tftp_filename
60e22124 b TftpBlock
60e22128 b TftpServerPort
60e2212c b TftpOurPort
60e22130 b TftpTimeoutCount
60e22134 b TftpBlockWrap
60e22138 b TftpBlockWrapOffset
60e2213c b TftpLastBlock
60e22140 b default_filename
60e22150 B BootpID
60e22154 B BootpTry
60e22158 B RarpTry
60e2215c B console_buffer
60e2225c B header
60e2229c B ide_dev_desc
60e22364 b ide_init_called.1998
60e22368 b ide_bus_ok
60e2236c B ide_bus_offset
60e22370 b base_address
60e22374 B mm_last_addr
60e22378 B mm_last_size
60e2237c B dp_last_addr
60e22380 B dp_last_size
60e22384 b ctrlc_disabled
60e22388 b ctrlc_was_pressed
60e2238c B devlist
60e22390 B stdio_devices
60e2239c b current_mallinfo
60e223c4 b top_pad
60e223c8 b max_sbrked_mem
60e223cc b max_total_mem
60e223d0 b n_mmaps_max
60e223d4 B env_ptr
60e223d8 b buf.2158
60e22400 B last_return_code
60e22404 b top_vars
60e22408 b flag_repeat
60e2240c b do_repeat
60e22410 b the_command.1971
60e22510 b local.1955
60e22526 b map
60e22628 b ifs
60e2262c B nesting_level
60e22630 b nand_chip
60e226ec B nand_info
60e22874 b ffchars
60e22878 b none_oobinfo
60e22980 b data_buf
60e23180 b oob_buf
60e231c0 B ___strtok
60e231c4 b fixed_mem
60e24254 b fixed_lock
60e24258 b fixed_built
60e2425c b fixed_bl
60e24260 b fixed_tl
60e24264 b fixed_bd
60e24268 b fixed_td
60e2426c b priv_data
60e242bc b wr_sata_orb1
60e242c4 b wr_sata_orb2
60e242cc b wr_sata_orb3
60e242d4 b wr_sata_orb4
60e242dc b disk_present
60e242e4 b params
60e242e8 b part_offset
60e242ec b cur_dev
60e242f0 B get_vfatname_block
60e342f0 B do_fat_read_block
60e442f0 B get_dentfromdir_block
60e542f0 B ext2fs_root
60e542f4 B indir1_block
60e542f8 B indir1_size
60e542fc B indir2_block
60e54300 B indir2_size
60e54304 B symlinknest
60e54308 B ext2fs_file
60e5430c b ext2fs_block_dev_desc
60e54310 b part_info
60e5435c A _end
