Archive member included because of file (symbol)

board/oxnas/liboxnas.a(platform-820.o)
                              cpu/arm11/start.o (platformsetup)
cpu/arm11/libarm11.a(interrupts.o)
                              cpu/arm11/start.o (do_undefined_instruction)
lib_arm/libarm.a(board.o)     cpu/arm11/start.o (start_armboot)
net/libnet.a(net.o)           lib_arm/libarm.a(board.o) (copy_filename)
net/libnet.a(tftp.o)          net/libnet.a(net.o) (TftpStart)
net/libnet.a(bootp.o)         net/libnet.a(net.o) (BootpRequest)
net/libnet.a(rarp.o)          net/libnet.a(net.o) (RarpRequest)
drivers/libdrivers.a(serial.o)
                              lib_arm/libarm.a(board.o) (serial_init)
drivers/libdrivers.a(ns16550.o)
                              drivers/libdrivers.a(serial.o) (NS16550_init)
common/libcommon.a(main.o)    lib_arm/libarm.a(board.o) (main_loop)
common/libcommon.a(cmd_bdinfo.o)
                              (__u_boot_cmd_bdinfo)
common/libcommon.a(cmd_boot.o)
                              (__u_boot_cmd_reset)
common/libcommon.a(cmd_bootm.o)
                              (__u_boot_cmd_iminfo)
common/libcommon.a(cmd_ext2.o)
                              (__u_boot_cmd_ext2load)
common/libcommon.a(cmd_fat.o)
                              (__u_boot_cmd_fatinfo)
common/libcommon.a(cmd_ide.o)
                              common/libcommon.a(main.o) (ide_init)
common/libcommon.a(cmd_mem.o)
                              (__u_boot_cmd_mtest)
common/libcommon.a(cmd_nand.o)
                              (__u_boot_cmd_nwboot)
common/libcommon.a(cmd_net.o)
                              (__u_boot_cmd_ping)
common/libcommon.a(cmd_nvedit.o)
                              net/libnet.a(net.o) (setenv)
common/libcommon.a(cmd_ledfail.o)
                              (__u_boot_cmd_ledfail)
common/libcommon.a(command.o)
                              common/libcommon.a(main.o) (find_cmd)
common/libcommon.a(console.o)
                              cpu/arm11/libarm11.a(interrupts.o) (printf)
common/libcommon.a(devices.o)
                              lib_arm/libarm.a(board.o) (devices_init)
common/libcommon.a(dlmalloc.o)
                              common/libcommon.a(cmd_bootm.o) (free)
common/libcommon.a(env_common.o)
                              common/libcommon.a(cmd_nvedit.o) (env_crc_update)
common/libcommon.a(env_disk.o)
                              common/libcommon.a(env_common.o) (env_get_char_spec)
common/libcommon.a(exports.o)
                              lib_arm/libarm.a(board.o) (jumptable_init)
common/libcommon.a(hush.o)    common/libcommon.a(main.o) (parse_string_outer)
common/libcommon.a(lists.o)   common/libcommon.a(devices.o) (ListCreate)
drivers/mtd/nand/libnand.a(nand.o)
                              lib_arm/libarm.a(board.o) (nand_init)
drivers/mtd/nand/libnand.a(nand_base.o)
                              common/libcommon.a(cmd_nand.o) (nand_read_mlc)
drivers/mtd/nand/libnand.a(nand_ids.o)
                              drivers/mtd/nand/libnand.a(nand_base.o) (nand_manuf_ids)
drivers/mtd/nand/libnand.a(nand_ecc.o)
                              drivers/mtd/nand/libnand.a(nand_base.o) (nand_calculate_ecc)
drivers/mtd/nand/libnand.a(nand_bbt.o)
                              drivers/mtd/nand/libnand.a(nand_base.o) (nand_default_bbt)
drivers/mtd/nand/libnand.a(nand_util.o)
                              common/libcommon.a(cmd_nand.o) (nand_erase_opts)
/usr/lib/gcc/arm-unknown-linux-gnueabi/4.6.1/libgcc.a(_udivsi3.o)
                              cpu/arm11/libarm11.a(interrupts.o) (__aeabi_uidiv)
/usr/lib/gcc/arm-unknown-linux-gnueabi/4.6.1/libgcc.a(_divsi3.o)
                              common/libcommon.a(lists.o) (__aeabi_idiv)
/usr/lib/gcc/arm-unknown-linux-gnueabi/4.6.1/libgcc.a(_dvmd_lnx.o)
                              /usr/lib/gcc/arm-unknown-linux-gnueabi/4.6.1/libgcc.a(_udivsi3.o) (__aeabi_idiv0)
lib_generic/libgeneric.a(crc32.o)
                              common/libcommon.a(cmd_bootm.o) (crc32)
lib_generic/libgeneric.a(ctype.o)
                              common/libcommon.a(hush.o) (_ctype)
lib_generic/libgeneric.a(display_options.o)
                              lib_arm/libarm.a(board.o) (print_size)
lib_generic/libgeneric.a(string.o)
                              net/libnet.a(net.o) (strcpy)
lib_generic/libgeneric.a(vsprintf.o)
                              lib_arm/libarm.a(board.o) (simple_strtoul)
lib_generic/libgeneric.a(zlib.o)
                              common/libcommon.a(cmd_bootm.o) (inflateEnd)
board/oxnas/liboxnas.a(ox820.o)
                              lib_arm/libarm.a(board.o) (board_init)
board/oxnas/liboxnas.a(eth.o)
                              net/libnet.a(net.o) (eth_init)
board/oxnas/liboxnas.a(ide-820.o)
                              common/libcommon.a(cmd_ide.o) (oxnas_sata_inb)
board/oxnas/liboxnas.a(synopsis.o)
                              board/oxnas/liboxnas.a(ide-820.o) (workaround5458)
cpu/arm11/libarm11.a(cpu.o)   lib_arm/libarm.a(board.o) (cpu_init)
lib_arm/libarm.a(armlinux.o)  common/libcommon.a(cmd_bootm.o) (do_bootm_linux)
lib_arm/libarm.a(cache.o)     common/libcommon.a(cmd_ide.o) (flush_cache)
fs/fat/libfat.a(fat.o)        common/libcommon.a(cmd_fat.o) (fat_register_device)
fs/ext2/libext2fs.a(ext2fs.o)
                              common/libcommon.a(cmd_ext2.o) (ext2fs_ls)
fs/ext2/libext2fs.a(dev.o)    common/libcommon.a(cmd_ext2.o) (ext2fs_set_blk_dev)
disk/libdisk.a(part.o)        common/libcommon.a(cmd_ide.o) (dev_print)
disk/libdisk.a(part_dos.o)    disk/libdisk.a(part.o) (test_part_dos)

Memory Configuration

Name             Origin             Length             Attributes
*default*        0x00000000         0xffffffff

Linker script and memory map

                0x00000000                . = 0x0
                0x00000000                . = ALIGN (0x4)

.text           0x60e00000    0x18970
 cpu/arm11/start.o(.text)
 .text          0x60e00000      0x3c0 cpu/arm11/start.o
                0x60e00000                _start
                0x60e00048                _armboot_start
                0x60e0004c                _bss_start
                0x60e00050                _bss_end
 *(.text)
 .text          0x60e003c0        0x4 board/oxnas/liboxnas.a(platform-820.o)
                0x60e003c0                platformsetup
 .text          0x60e003c4      0x3e8 cpu/arm11/libarm11.a(interrupts.o)
                0x60e003c4                enable_interrupts
                0x60e003c8                disable_interrupts
                0x60e003d0                bad_mode
                0x60e003ec                show_regs
                0x60e0052c                do_undefined_instruction
                0x60e00550                do_software_interrupt
                0x60e00574                do_prefetch_abort
                0x60e00598                do_data_abort
                0x60e005bc                do_not_used
                0x60e005e0                do_fiq
                0x60e00604                do_irq
                0x60e00628                set_timer
                0x60e00638                reset_timer_masked
                0x60e00660                reset_timer
                0x60e00664                interrupt_init
                0x60e00690                get_timer_masked
                0x60e006cc                get_timer
                0x60e006e0                udelay
                0x60e00744                udelay_masked
                0x60e00790                get_ticks
                0x60e007a0                get_tbclk
 .text          0x60e007ac      0x324 lib_arm/libarm.a(board.o)
                0x60e008c0                sbrk
                0x60e008f8                hang
                0x60e0090c                start_armboot
                0x60e00abc                raise
 .text          0x60e00ad0     0x11d8 net/libnet.a(net.o)
                0x60e00b50                NetSetHandler
                0x60e00b60                NetSetTimeout
                0x60e00b90                NetStartAgain
                0x60e00c10                NetSendPacket
                0x60e00c14                NetCksum
                0x60e00c48                NetCksumOk
                0x60e00c6c                NetEthHdrSize
                0x60e00cb0                NetSetEther
                0x60e00d5c                ArpRequest
                0x60e00e50                ArpTimeoutCheck
                0x60e00ed4                PingSend
                0x60e0100c                NetSetIP
                0x60e0111c                NetSendUDPPacket
                0x60e01254                copy_filename
                0x60e01298                ip_to_string
                0x60e012d4                string_to_ip
                0x60e01330                VLAN_to_string
                0x60e01380                string_to_VLAN
                0x60e013d4                print_IPaddr
                0x60e013f0                NetReceive
                0x60e018e0                getenv_IPaddr
                0x60e018f0                getenv_VLAN
                0x60e01900                NetLoop
 .text          0x60e01ca8      0x604 net/libnet.a(tftp.o)
                0x60e020b0                TftpStart
 .text          0x60e022ac      0x61c net/libnet.a(bootp.o)
                0x60e02654                BootpRequest
 .text          0x60e028c8      0x180 net/libnet.a(rarp.o)
                0x60e02908                RarpRequest
 .text          0x60e02a48       0xcc drivers/libdrivers.a(serial.o)
                0x60e02a48                serial_init
                0x60e02a78                serial_putc
                0x60e02aa8                serial_puts
                0x60e02ac8                serial_getc
                0x60e02adc                serial_tstc
                0x60e02ae8                serial_setbrg
 .text          0x60e02b14       0xcc drivers/libdrivers.a(ns16550.o)
                0x60e02b14                NS16550_init
                0x60e02b60                NS16550_reinit
                0x60e02bac                NS16550_putc
                0x60e02bc0                NS16550_getc
                0x60e02bd4                NS16550_tstc
 .text          0x60e02be0      0x9dc common/libcommon.a(main.o)
                0x60e02cb8                remove_string_from_bootargs
                0x60e02d60                readline
                0x60e02f38                run_command
                0x60e03338                main_loop
                0x60e0353c                do_run
 .text          0x60e035bc       0xf0 common/libcommon.a(cmd_bdinfo.o)
                0x60e035bc                do_bdinfo
 .text          0x60e036ac       0x80 common/libcommon.a(cmd_boot.o)
                0x60e036ac                do_go
 .text          0x60e0372c      0x92c common/libcommon.a(cmd_bootm.o)
                0x60e0374c                print_image_hdr
                0x60e03994                do_iminfo
                0x60e039f4                gunzip
                0x60e03b44                do_bootm
 .text          0x60e04058      0x424 common/libcommon.a(cmd_ext2.o)
                0x60e04094                do_ext2load
                0x60e04344                do_ext2ls
 .text          0x60e0447c      0x394 common/libcommon.a(cmd_fat.o)
                0x60e0447c                get_dev
                0x60e044b0                do_fat_fsinfo
                0x60e04588                do_fat_ls
                0x60e04690                do_fat_fsload
 .text          0x60e04810      0xeac common/libcommon.a(cmd_ide.o)
                0x60e048cc                ide_read
                0x60e04ce8                do_diskboot
                0x60e04fec                ide_init
                0x60e05148                is_device_present
                0x60e05168                ide_get_dev
                0x60e0517c                ide_write
                0x60e052b0                do_ide
 .text          0x60e056bc      0xa58 common/libcommon.a(cmd_mem.o)
                0x60e056bc                do_mem_base
                0x60e056fc                do_mem_mtest
                0x60e05834                do_mem_crc
                0x60e058f4                cmd_get_data_size
                0x60e05944                do_mem_loop
                0x60e05a48                do_mem_cp
                0x60e05b30                do_mem_cmp
                0x60e05cc8                do_mem_mw
                0x60e05ecc                do_mem_nm
                0x60e05f04                do_mem_mm
                0x60e05f3c                do_mem_md
 .text          0x60e06114      0xaa8 common/libcommon.a(cmd_nand.o)
                0x60e06150                do_nandwriteboot
                0x60e062dc                do_nand
                0x60e06a04                do_nandboot
 .text          0x60e06bbc      0x35c common/libcommon.a(cmd_net.o)
                0x60e06e64                do_rarpb
                0x60e06e70                do_tftpb
                0x60e06e7c                do_bootp
                0x60e06e88                do_ping
 .text          0x60e06f18      0x870 common/libcommon.a(cmd_nvedit.o)
                0x60e06f90                do_saveenv
                0x60e06fbc                do_printenv
                0x60e07170                _do_setenv
                0x60e075c4                do_setenv
                0x60e07600                setenv
                0x60e07630                getenv
                0x60e076b4                getenv_r
 .text          0x60e07788       0xb0 common/libcommon.a(cmd_ledfail.o)
                0x60e07788                do_ledfail
 .text          0x60e07838      0x7a4 common/libcommon.a(command.o)
                0x60e07838                do_version
                0x60e07858                do_echo
                0x60e078d8                do_exit
                0x60e07908                do_test
                0x60e07d74                find_cmd
                0x60e07e08                do_help
                0x60e07fc4                cmd_usage
 .text          0x60e07fdc      0x550 common/libcommon.a(console.o)
                0x60e08080                serial_printf
                0x60e080b8                fgetc
                0x60e080e4                ftstc
                0x60e08110                fputc
                0x60e08138                fputs
                0x60e08160                fprintf
                0x60e081a0                getc
                0x60e081b8                tstc
                0x60e081d0                putc
                0x60e081ec                puts
                0x60e08208                printf
                0x60e08240                vprintf
                0x60e0826c                ctrlc
                0x60e082b8                disable_ctrlc
                0x60e082d0                had_ctrlc
                0x60e082e0                clear_ctrlc
                0x60e082f4                dbg
                0x60e08300                console_assign
                0x60e08390                console_init_f
                0x60e083a0                console_init_r
 .text          0x60e0852c       0xe8 common/libcommon.a(devices.o)
                0x60e0852c                device_register
                0x60e08550                devices_init
                0x60e085f8                devices_done
 .text          0x60e08614      0xf94 common/libcommon.a(dlmalloc.o)
                0x60e08614                malloc_bin_reloc
                0x60e08640                malloc_trim
                0x60e08710                free
                0x60e08934                cfree
                0x60e08938                malloc
                0x60e08ee8                calloc
                0x60e08fbc                memalign
                0x60e090cc                pvalloc
                0x60e090e4                valloc
                0x60e090f0                realloc
                0x60e094f8                malloc_usable_size
                0x60e09534                mallopt
 .text          0x60e095a8      0x120 common/libcommon.a(env_common.o)
                0x60e095a8                env_get_char_memory
                0x60e095e8                env_crc_update
                0x60e09614                env_get_addr
                0x60e09634                env_relocate
 .text          0x60e096c8      0x224 common/libcommon.a(env_disk.o)
                0x60e0970c                env_get_char_spec
                0x60e09718                env_relocate_spec
                0x60e09768                saveenv
                0x60e09818                env_init
 .text          0x60e098ec       0x94 common/libcommon.a(exports.o)
                0x60e098f0                get_version
                0x60e098f8                jumptable_init
 .text          0x60e09980     0x1bb0 common/libcommon.a(hush.o)
                0x60e0a164                simple_itoa
                0x60e0a1bc                new_pipe
                0x60e0a22c                reserved_word
                0x60e0a4f0                mapset
                0x60e0a514                update_ifs_map
                0x60e0a584                parse_string_outer
                0x60e0b474                parse_file_outer
                0x60e0b4b8                u_boot_hush_start
 .text          0x60e0b530      0x3a0 common/libcommon.a(lists.o)
                0x60e0b530                NewHandle
                0x60e0b588                DisposeHandle
                0x60e0b5a8                GetHandleSize
                0x60e0b5b0                SetHandleSize
                0x60e0b628                ListCreate
                0x60e0b688                ListSetAllocationPolicy
                0x60e0b69c                ListDispose
                0x60e0b6a0                ListInsertItems
                0x60e0b844                ListInsertItem
                0x60e0b84c                ListGetItems
                0x60e0b880                ListGetPtrToItem
                0x60e0b8ac                ListGetDataPtr
                0x60e0b8b8                ListGetItemSize
                0x60e0b8c4                ListNumItems
 .text          0x60e0b8d0       0x98 drivers/mtd/nand/libnand.a(nand.o)
                0x60e0b8d0                nand_init
 .text          0x60e0b968     0x29e4 drivers/mtd/nand/libnand.a(nand_base.o)
                0x60e0d2bc                nand_read_mlc
                0x60e0d4d0                nand_write_mlc
                0x60e0d6e8                nand_read_raw
                0x60e0d800                nand_erase_nand
                0x60e0da00                nand_scan
                0x60e0e308                nand_release
 .text          0x60e0e34c        0x0 drivers/mtd/nand/libnand.a(nand_ids.o)
 .text          0x60e0e34c      0x210 drivers/mtd/nand/libnand.a(nand_ecc.o)
                0x60e0e34c                nand_calculate_ecc
                0x60e0e43c                nand_correct_data
 .text          0x60e0e55c      0x9ac drivers/mtd/nand/libnand.a(nand_bbt.o)
                0x60e0e990                nand_update_bbt
                0x60e0eba8                nand_scan_bbt
                0x60e0ee10                nand_default_bbt
                0x60e0eec4                nand_isbad_bbt
 .text          0x60e0ef08      0xd10 drivers/mtd/nand/libnand.a(nand_util.o)
                0x60e0ef10                nand_erase_opts
                0x60e0f274                nand_write_opts
                0x60e0f6f4                nand_read_opts
                0x60e0f9f0                nand_lock
                0x60e0fa60                nand_get_lock_status
                0x60e0faec                nand_unlock
 .text          0x60e0fc18      0x20c /usr/lib/gcc/arm-unknown-linux-gnueabi/4.6.1/libgcc.a(_udivsi3.o)
                0x60e0fc18                __udivsi3
                0x60e0fc18                __aeabi_uidiv
                0x60e0fe04                __aeabi_uidivmod
 .text          0x60e0fe24      0x240 /usr/lib/gcc/arm-unknown-linux-gnueabi/4.6.1/libgcc.a(_divsi3.o)
                0x60e0fe24                __aeabi_idiv
                0x60e0fe24                __divsi3
                0x60e10044                __aeabi_idivmod
 .text          0x60e10064       0x10 /usr/lib/gcc/arm-unknown-linux-gnueabi/4.6.1/libgcc.a(_dvmd_lnx.o)
                0x60e10064                __aeabi_ldiv0
                0x60e10064                __aeabi_idiv0
 .text          0x60e10074      0x200 lib_generic/libgeneric.a(crc32.o)
                0x60e10074                crc32
                0x60e10178                crc32_no_comp
 .text          0x60e10274        0x0 lib_generic/libgeneric.a(ctype.o)
 .text          0x60e10274       0xc0 lib_generic/libgeneric.a(display_options.o)
                0x60e10274                display_options
                0x60e10294                print_size
 .text          0x60e10334      0x5b0 lib_generic/libgeneric.a(string.o)
                0x60e10334                strnicmp
                0x60e103ac                strcpy
                0x60e103c4                strncpy
                0x60e103e8                strcat
                0x60e10414                strncat
                0x60e10468                strcmp
                0x60e10490                strncmp
                0x60e104d4                strchr
                0x60e10508                strlen
                0x60e10528                strrchr
                0x60e10564                strnlen
                0x60e10590                strdup
                0x60e105c4                strspn
                0x60e10604                strpbrk
                0x60e10640                strtok
                0x60e106b8                strsep
                0x60e106ec                strswab
                0x60e1072c                memset
                0x60e10748                bcopy
                0x60e10770                memcpy
                0x60e10790                memmove
                0x60e107f4                memcmp
                0x60e10828                memscan
                0x60e10854                strstr
                0x60e108b4                memchr
 .text          0x60e108e4      0x784 lib_generic/libgeneric.a(vsprintf.o)
                0x60e10b3c                simple_strtoul
                0x60e10be8                simple_strtol
                0x60e10c10                vsprintf
                0x60e10ff8                sprintf
                0x60e1101c                panic
 .text          0x60e11068     0x2cd8 lib_generic/libgeneric.a(zlib.o)
                0x60e118f4                adler32
                0x60e11bcc                inflateReset
                0x60e11c28                inflateEnd
                0x60e11cbc                inflateInit2
                0x60e11e08                inflateInit
                0x60e11e10                inflate
                0x60e13b1c                inflateIncomp
                0x60e13c48                inflateSync
 .text          0x60e13d40      0x264 board/oxnas/liboxnas.a(ox820.o)
                0x60e13d84                board_init
                0x60e13e60                board_late_init
                0x60e13e68                misc_init_r
                0x60e13e70                dram_init
                0x60e13ea8                reset_cpu
                0x60e13f28                board_nand_init
 .text          0x60e13fa4      0xf6c board/oxnas/liboxnas.a(eth.o)
                0x60e13fa4                set_rx_descriptor
                0x60e14094                get_rx_descriptor
                0x60e14318                phy_read
                0x60e14354                phy_write
                0x60e14390                phy_detect
                0x60e14424                start_phy_reset
                0x60e14468                is_phy_reset_complete
                0x60e14490                is_phy_interface_rgmii
                0x60e144a4                phy_initialise
                0x60e1461c                detect_link_speed
                0x60e14684                is_autoneg_complete
                0x60e146a4                is_link_ok
                0x60e146c4                eth_init
                0x60e14c28                eth_halt
                0x60e14c44                eth_rx
                0x60e14d0c                eth_send
 .text          0x60e14f10      0xbac board/oxnas/liboxnas.a(ide-820.o)
                0x60e1526c                oxnas_sata_inb
                0x60e15400                oxnas_sata_outb
                0x60e1559c                oxnas_sata_output_data
                0x60e156bc                oxnas_sata_input_data
                0x60e157d4                ide_preinit
 .text          0x60e15abc      0x178 board/oxnas/liboxnas.a(synopsis.o)
                0x60e15ad4                workaround5458
                0x60e15b78                EnableSATAPhy
 .text          0x60e15c34       0xc0 cpu/arm11/libarm11.a(cpu.o)
                0x60e15c60                cpu_init
                0x60e15c68                cleanup_before_linux
                0x60e15c90                do_reset
                0x60e15ca8                icache_enable
                0x60e15cc4                icache_disable
                0x60e15ce0                icache_status
 .text          0x60e15cf4      0x37c lib_arm/libarm.a(armlinux.o)
                0x60e15cfc                do_bootm_linux
 .text          0x60e16070        0x4 lib_arm/libarm.a(cache.o)
                0x60e16070                flush_cache
 .text          0x60e16074     0x1220 fs/fat/libfat.a(fat.o)
                0x60e16294                disk_read
                0x60e16734                fat_register_device
                0x60e1681c                do_fat_read
                0x60e17108                file_fat_detectfs
                0x60e1724c                file_fat_ls
                0x60e1725c                file_fat_read
 .text          0x60e17294      0xdb0 fs/ext2/libext2fs.a(ext2fs.o)
                0x60e17360                ext2fs_free_node
                0x60e17380                ext2fs_read_file
                0x60e17a94                ext2fs_find_file1
                0x60e17d24                ext2fs_find_file
                0x60e17da4                ext2fs_ls
                0x60e17e18                ext2fs_open
                0x60e17eb0                ext2fs_close
                0x60e17f64                ext2fs_read
                0x60e17f94                ext2fs_mount
 .text          0x60e18044      0x1d4 fs/ext2/libext2fs.a(dev.o)
                0x60e18044                ext2fs_set_blk_dev
                0x60e18098                ext2fs_devread
 .text          0x60e18218      0x2b0 disk/libdisk.a(part.o)
                0x60e18218                dev_print
                0x60e183c0                init_part
                0x60e183dc                get_partition_info
                0x60e18404                print_part
 .text          0x60e184c8      0x4a8 disk/libdisk.a(part_dos.o)
                0x60e188d4                test_part_dos
                0x60e18928                print_part_dos
                0x60e18954                get_partition_info_dos

.glue_7         0x60e18970        0x0
 .glue_7        0x00000000        0x0 linker stubs

.glue_7t        0x60e18970        0x0
 .glue_7t       0x00000000        0x0 linker stubs

.vfp11_veneer   0x60e18970        0x0
 .vfp11_veneer  0x00000000        0x0 linker stubs

.v4_bx          0x60e18970        0x0
 .v4_bx         0x00000000        0x0 linker stubs

.rodata         0x60e18970      0xbd2
 *(.rodata)
 .rodata        0x60e18970       0x80 cpu/arm11/libarm11.a(interrupts.o)
 .rodata        0x60e189f0       0x26 lib_arm/libarm.a(board.o)
                0x60e189f0                version_string
 .rodata        0x60e18a16        0x7 net/libnet.a(net.o)
 *fill*         0x60e18a1d        0x3 00
 .rodata        0x60e18a20       0xb0 common/libcommon.a(cmd_bootm.o)
 .rodata        0x60e18ad0       0x16 common/libcommon.a(cmd_mem.o)
 *fill*         0x60e18ae6        0x2 00
 .rodata        0x60e18ae8       0x14 common/libcommon.a(cmd_nvedit.o)
 .rodata        0x60e18afc        0x5 drivers/mtd/nand/libnand.a(nand.o)
 .rodata        0x60e18b01      0x100 drivers/mtd/nand/libnand.a(nand_ecc.o)
 *fill*         0x60e18c01        0x3 00
 .rodata        0x60e18c04      0x400 lib_generic/libgeneric.a(crc32.o)
 .rodata        0x60e19004       0x90 lib_generic/libgeneric.a(zlib.o)
 .rodata        0x60e19094        0xc board/oxnas/liboxnas.a(ox820.o)
 .rodata        0x60e190a0        0x8 board/oxnas/liboxnas.a(eth.o)
 .rodata        0x60e190a8        0x8 board/oxnas/liboxnas.a(ide-820.o)
 .rodata        0x60e190b0      0x492 board/oxnas/liboxnas.a(synopsis.o)

.rodata.str1.1  0x60e19542     0x4c6e
 .rodata.str1.1
                0x60e19542      0x264 cpu/arm11/libarm11.a(interrupts.o)
                                0x27b (size before relaxing)
 .rodata.str1.1
                0x60e197a6       0xc5 lib_arm/libarm.a(board.o)
                                 0xdb (size before relaxing)
 .rodata.str1.1
                0x60e1986b      0x1cf net/libnet.a(net.o)
                                0x1d7 (size before relaxing)
 .rodata.str1.1
                0x60e19a3a      0x19c net/libnet.a(tftp.o)
                                0x1b5 (size before relaxing)
 .rodata.str1.1
                0x60e19bd6       0x79 net/libnet.a(bootp.o)
                                 0xa9 (size before relaxing)
 .rodata.str1.1
                0x60e19c4f       0x13 net/libnet.a(rarp.o)
                                 0x43 (size before relaxing)
 .rodata.str1.1
                0x60e19c62      0x198 common/libcommon.a(main.o)
 .rodata.str1.1
                0x60e19dfa       0xb2 common/libcommon.a(cmd_bdinfo.o)
 .rodata.str1.1
                0x60e19eac      0x100 common/libcommon.a(cmd_boot.o)
                                0x111 (size before relaxing)
 .rodata.str1.1
                0x60e19fac      0x6a0 common/libcommon.a(cmd_bootm.o)
                                0x6f5 (size before relaxing)
 .rodata.str1.1
                0x60e1a64c      0x2d7 common/libcommon.a(cmd_ext2.o)
                                0x308 (size before relaxing)
 .rodata.str1.1
                0x60e1a923      0x2ef common/libcommon.a(cmd_fat.o)
                                0x3cd (size before relaxing)
 .rodata.str1.1
                0x60e1ac12      0x49f common/libcommon.a(cmd_ide.o)
                                0x545 (size before relaxing)
 .rodata.str1.1
                0x60e1b0b1      0x5b2 common/libcommon.a(cmd_mem.o)
                                0x5d0 (size before relaxing)
 .rodata.str1.1
                0x60e1b663      0x549 common/libcommon.a(cmd_nand.o)
                                0x5da (size before relaxing)
 .rodata.str1.1
                0x60e1bbac      0x176 common/libcommon.a(cmd_net.o)
                                0x1e7 (size before relaxing)
 .rodata.str1.1
                0x60e1bd22      0x2ff common/libcommon.a(cmd_nvedit.o)
                                0x350 (size before relaxing)
 .rodata.str1.1
                0x60e1c021       0x56 common/libcommon.a(cmd_ledfail.o)
                                 0x61 (size before relaxing)
 .rodata.str1.1
                0x60e1c077      0x31b common/libcommon.a(command.o)
                                0x32b (size before relaxing)
 .rodata.str1.1
                0x60e1c392       0x70 common/libcommon.a(console.o)
                                 0x74 (size before relaxing)
 .rodata.str1.1
                0x60e1c402       0x2f common/libcommon.a(devices.o)
                                 0x43 (size before relaxing)
 .rodata.str1.1
                0x60e1c431       0x33 common/libcommon.a(env_common.o)
 .rodata.str1.1
                0x60e1c464      0x124 common/libcommon.a(env_disk.o)
                                0x129 (size before relaxing)
 .rodata.str1.1
                0x60e1c588      0x151 common/libcommon.a(hush.o)
                                0x18e (size before relaxing)
 .rodata.str1.1
                0x60e1c6d9        0x8 drivers/mtd/nand/libnand.a(nand.o)
 .rodata.str1.1
                0x60e1c6e1      0x43d drivers/mtd/nand/libnand.a(nand_base.o)
                                0x43f (size before relaxing)
 .rodata.str1.1
                0x60e1cb1e      0x1a3 drivers/mtd/nand/libnand.a(nand_ids.o)
 .rodata.str1.1
                0x60e1ccc1       0xe2 drivers/mtd/nand/libnand.a(nand_bbt.o)
 .rodata.str1.1
                0x60e1cda3      0x58d drivers/mtd/nand/libnand.a(nand_util.o)
                                0x58f (size before relaxing)
 .rodata.str1.1
                0x60e1d330       0x11 lib_generic/libgeneric.a(display_options.o)
                                 0x18 (size before relaxing)
 .rodata.str1.1
                0x60e1d341       0x51 lib_generic/libgeneric.a(vsprintf.o)
 .rodata.str1.1
                0x60e1d392      0x1f3 lib_generic/libgeneric.a(zlib.o)
                                0x1f4 (size before relaxing)
 .rodata.str1.1
                0x60e1d585        0xe board/oxnas/liboxnas.a(ox820.o)
 .rodata.str1.1
                0x60e1d593      0x25f board/oxnas/liboxnas.a(eth.o)
                                0x26b (size before relaxing)
 .rodata.str1.1
                0x60e1d7f2      0x32f board/oxnas/liboxnas.a(ide-820.o)
 .rodata.str1.1
                0x60e1db21       0x5a lib_arm/libarm.a(armlinux.o)
                                 0xb7 (size before relaxing)
 .rodata.str1.1
                0x60e1db7b      0x15f fs/fat/libfat.a(fat.o)
                                0x168 (size before relaxing)
 .rodata.str1.1
                0x60e1dcda      0x1be fs/ext2/libext2fs.a(ext2fs.o)
 .rodata.str1.1
                0x60e1de98       0xdc fs/ext2/libext2fs.a(dev.o)
 .rodata.str1.1
                0x60e1df74      0x152 disk/libdisk.a(part.o)
                                0x17a (size before relaxing)
 .rodata.str1.1
                0x60e1e0c6       0xea disk/libdisk.a(part_dos.o)
                                 0xf6 (size before relaxing)
                0x60e1e1b0                . = ALIGN (0x4)

.data           0x60e1e1b0     0x15c4
 *(.data)
 .data          0x60e1e1b0        0x0 cpu/arm11/start.o
 .data          0x60e1e1b0        0x0 board/oxnas/liboxnas.a(platform-820.o)
 .data          0x60e1e1b0        0x0 cpu/arm11/libarm11.a(interrupts.o)
 .data          0x60e1e1b0       0x38 lib_arm/libarm.a(board.o)
                0x60e1e1b0                init_sequence
 .data          0x60e1e1e8        0xa net/libnet.a(net.o)
                0x60e1e1e8                NetOurVLAN
                0x60e1e1ea                NetBcastAddr
                0x60e1e1f0                NetOurNativeVLAN
 .data          0x60e1e1f2        0x0 net/libnet.a(tftp.o)
 .data          0x60e1e1f2        0x0 net/libnet.a(bootp.o)
 .data          0x60e1e1f2        0x0 net/libnet.a(rarp.o)
 .data          0x60e1e1f2        0x0 drivers/libdrivers.a(serial.o)
 .data          0x60e1e1f2        0x0 drivers/libdrivers.a(ns16550.o)
 .data          0x60e1e1f2        0xd common/libcommon.a(main.o)
 .data          0x60e1e1ff        0x0 common/libcommon.a(cmd_bdinfo.o)
 .data          0x60e1e1ff        0x0 common/libcommon.a(cmd_boot.o)
 *fill*         0x60e1e1ff        0x1 00
 .data          0x60e1e200        0x4 common/libcommon.a(cmd_bootm.o)
                0x60e1e200                load_addr
 .data          0x60e1e204        0x0 common/libcommon.a(cmd_ext2.o)
 .data          0x60e1e204        0x0 common/libcommon.a(cmd_fat.o)
 .data          0x60e1e204        0x4 common/libcommon.a(cmd_ide.o)
 .data          0x60e1e208        0x4 common/libcommon.a(cmd_mem.o)
                0x60e1e208                dp_last_length
 .data          0x60e1e20c        0x0 common/libcommon.a(cmd_nand.o)
 .data          0x60e1e20c        0x0 common/libcommon.a(cmd_net.o)
 .data          0x60e1e20c        0x0 common/libcommon.a(cmd_nvedit.o)
 .data          0x60e1e20c        0x0 common/libcommon.a(cmd_ledfail.o)
 .data          0x60e1e20c        0x0 common/libcommon.a(command.o)
 .data          0x60e1e20c        0x0 common/libcommon.a(console.o)
 .data          0x60e1e20c        0xc common/libcommon.a(devices.o)
                0x60e1e20c                stdio_names
 .data          0x60e1e218      0x414 common/libcommon.a(dlmalloc.o)
 .data          0x60e1e62c      0x1fc common/libcommon.a(env_common.o)
                0x60e1e62c                default_environment
                0x60e1e824                env_get_char
 .data          0x60e1e828        0x4 common/libcommon.a(env_disk.o)
                0x60e1e828                env_name_spec
 .data          0x60e1e82c        0x0 common/libcommon.a(exports.o)
 .data          0x60e1e82c       0x84 common/libcommon.a(hush.o)
 .data          0x60e1e8b0        0x0 common/libcommon.a(lists.o)
 .data          0x60e1e8b0        0x4 drivers/mtd/nand/libnand.a(nand.o)
                0x60e1e8b0                nand_curr_device
 .data          0x60e1e8b4      0x420 drivers/mtd/nand/libnand.a(nand_base.o)
 .data          0x60e1ecd4      0x268 drivers/mtd/nand/libnand.a(nand_ids.o)
                0x60e1ecd4                nand_manuf_ids
                0x60e1ed14                nand_flash_ids
 .data          0x60e1ef3c        0x0 drivers/mtd/nand/libnand.a(nand_ecc.o)
 .data          0x60e1ef3c      0x1ec drivers/mtd/nand/libnand.a(nand_bbt.o)
 .data          0x60e1f128      0x318 drivers/mtd/nand/libnand.a(nand_util.o)
 .data          0x60e1f440        0x0 /usr/lib/gcc/arm-unknown-linux-gnueabi/4.6.1/libgcc.a(_udivsi3.o)
 .data          0x60e1f440        0x0 /usr/lib/gcc/arm-unknown-linux-gnueabi/4.6.1/libgcc.a(_divsi3.o)
 .data          0x60e1f440        0x0 /usr/lib/gcc/arm-unknown-linux-gnueabi/4.6.1/libgcc.a(_dvmd_lnx.o)
 .data          0x60e1f440        0x0 lib_generic/libgeneric.a(crc32.o)
 .data          0x60e1f440      0x100 lib_generic/libgeneric.a(ctype.o)
                0x60e1f440                _ctype
 .data          0x60e1f540        0x0 lib_generic/libgeneric.a(display_options.o)
 .data          0x60e1f540        0x0 lib_generic/libgeneric.a(string.o)
 .data          0x60e1f540        0x0 lib_generic/libgeneric.a(vsprintf.o)
 .data          0x60e1f540      0x210 lib_generic/libgeneric.a(zlib.o)
                0x60e1f72c                z_errmsg
                0x60e1f74c                zlib_version
 .data          0x60e1f750        0x0 board/oxnas/liboxnas.a(ox820.o)
 .data          0x60e1f750        0x0 board/oxnas/liboxnas.a(eth.o)
 .data          0x60e1f750       0x18 board/oxnas/liboxnas.a(ide-820.o)
                0x60e1f750                oxnas_ram_dma_settings
 .data          0x60e1f768        0x0 board/oxnas/liboxnas.a(synopsis.o)
 .data          0x60e1f768        0x0 cpu/arm11/libarm11.a(cpu.o)
 .data          0x60e1f768        0x0 lib_arm/libarm.a(armlinux.o)
 .data          0x60e1f768        0x0 lib_arm/libarm.a(cache.o)
 .data          0x60e1f768        0x4 fs/fat/libfat.a(fat.o)
 .data          0x60e1f76c        0x8 fs/ext2/libext2fs.a(ext2fs.o)
                0x60e1f76c                indir1_blkno
                0x60e1f770                indir2_blkno
 .data          0x60e1f774        0x0 fs/ext2/libext2fs.a(dev.o)
 .data          0x60e1f774        0x0 disk/libdisk.a(part.o)
 .data          0x60e1f774        0x0 disk/libdisk.a(part_dos.o)
                0x60e1f774                . = ALIGN (0x4)

.got
 *(.got)
                0x60e1f774                __u_boot_cmd_start = .

.u_boot_cmd     0x60e1f774      0x3c0
 *(.u_boot_cmd)
 .u_boot_cmd    0x60e1f774       0x18 common/libcommon.a(cmd_bdinfo.o)
                0x60e1f774                __u_boot_cmd_bdinfo
 .u_boot_cmd    0x60e1f78c       0x30 common/libcommon.a(cmd_boot.o)
                0x60e1f78c                __u_boot_cmd_reset
                0x60e1f7a4                __u_boot_cmd_go
 .u_boot_cmd    0x60e1f7bc       0x30 common/libcommon.a(cmd_bootm.o)
                0x60e1f7bc                __u_boot_cmd_iminfo
                0x60e1f7d4                __u_boot_cmd_bootm
 .u_boot_cmd    0x60e1f7ec       0x30 common/libcommon.a(cmd_ext2.o)
                0x60e1f7ec                __u_boot_cmd_ext2load
                0x60e1f804                __u_boot_cmd_ext2ls
 .u_boot_cmd    0x60e1f81c       0x48 common/libcommon.a(cmd_fat.o)
                0x60e1f81c                __u_boot_cmd_fatinfo
                0x60e1f834                __u_boot_cmd_fatls
                0x60e1f84c                __u_boot_cmd_fatload
 .u_boot_cmd    0x60e1f864       0x30 common/libcommon.a(cmd_ide.o)
                0x60e1f864                __u_boot_cmd_diskboot
                0x60e1f87c                __u_boot_cmd_ide
 .u_boot_cmd    0x60e1f894       0xf0 common/libcommon.a(cmd_mem.o)
                0x60e1f894                __u_boot_cmd_mtest
                0x60e1f8ac                __u_boot_cmd_loop
                0x60e1f8c4                __u_boot_cmd_base
                0x60e1f8dc                __u_boot_cmd_crc32
                0x60e1f8f4                __u_boot_cmd_cmp
                0x60e1f90c                __u_boot_cmd_cp
                0x60e1f924                __u_boot_cmd_mw
                0x60e1f93c                __u_boot_cmd_nm
                0x60e1f954                __u_boot_cmd_mm
                0x60e1f96c                __u_boot_cmd_md
 .u_boot_cmd    0x60e1f984       0x48 common/libcommon.a(cmd_nand.o)
                0x60e1f984                __u_boot_cmd_nwboot
                0x60e1f99c                __u_boot_cmd_nboot
                0x60e1f9b4                __u_boot_cmd_nand
 .u_boot_cmd    0x60e1f9cc       0x60 common/libcommon.a(cmd_net.o)
                0x60e1f9cc                __u_boot_cmd_ping
                0x60e1f9e4                __u_boot_cmd_rarpboot
                0x60e1f9fc                __u_boot_cmd_tftpboot
                0x60e1fa14                __u_boot_cmd_bootp
 .u_boot_cmd    0x60e1fa2c       0x60 common/libcommon.a(cmd_nvedit.o)
                0x60e1fa2c                __u_boot_cmd_run
                0x60e1fa44                __u_boot_cmd_saveenv
                0x60e1fa5c                __u_boot_cmd_setenv
                0x60e1fa74                __u_boot_cmd_printenv
 .u_boot_cmd    0x60e1fa8c       0x18 common/libcommon.a(cmd_ledfail.o)
                0x60e1fa8c                __u_boot_cmd_ledfail
 .u_boot_cmd    0x60e1faa4       0x90 common/libcommon.a(command.o)
                0x60e1faa4                __u_boot_cmd_question_mark
                0x60e1fabc                __u_boot_cmd_help
                0x60e1fad4                __u_boot_cmd_exit
                0x60e1faec                __u_boot_cmd_test
                0x60e1fb04                __u_boot_cmd_echo
                0x60e1fb1c                __u_boot_cmd_version
                0x60e1fb34                __u_boot_cmd_end = .
                0x60e1fb34                . = ALIGN (0x4)
                0x60e1fb34                __bss_start = .

.bss            0x60e1fb34    0x34828
 *(.bss)
 .bss           0x60e1fb34        0x0 cpu/arm11/start.o
 .bss           0x60e1fb34        0x0 board/oxnas/liboxnas.a(platform-820.o)
 .bss           0x60e1fb34        0x8 cpu/arm11/libarm11.a(interrupts.o)
 .bss           0x60e1fb3c       0x10 lib_arm/libarm.a(board.o)
                0x60e1fb48                monitor_flash_len
 .bss           0x60e1fb4c     0x25d0 net/libnet.a(net.o)
                0x60e1fb4c                NetState
                0x60e1fb50                NetPingIP
                0x60e1fb64                NetOurEther
                0x60e1fb6c                NetTxPacket
                0x60e1fb70                NetOurIP
                0x60e1fb74                NetArpWaitPacketIP
                0x60e1fb78                NetOurSubnetMask
                0x60e1fb7c                NetOurGatewayIP
                0x60e1fb80                NetArpWaitReplyIP
                0x60e1fb84                NetArpWaitTimerStart
                0x60e1fb88                NetArpWaitTry
                0x60e1fb92                NetEtherNullAddr
                0x60e1fb98                NetArpWaitPacketMAC
                0x60e1fb9c                NetArpWaitTxPacket
                0x60e1fba0                NetIPID
                0x60e1fba8                NetArpWaitTxPacketSize
                0x60e1fbac                NetRxPkt
                0x60e1fbb0                NetRxPktLen
                0x60e1fbb4                NetServerIP
                0x60e1fbb8                NetServerEther
                0x60e1fbbe                PktBuf
                0x60e219e0                NetRxPackets
                0x60e219f0                NetArpWaitPacketBuf
                0x60e22010                NetBootFileXferSize
                0x60e22014                BootFile
                0x60e22094                NetBootFileSize
                0x60e22096                NetOurRootPath
                0x60e220d6                NetOurHostName
                0x60e220f6                NetOurNISDomain
                0x60e22118                NetOurDNSIP
 .bss           0x60e2211c       0x34 net/libnet.a(tftp.o)
 .bss           0x60e22150        0x8 net/libnet.a(bootp.o)
                0x60e22150                BootpID
                0x60e22154                BootpTry
 .bss           0x60e22158        0x4 net/libnet.a(rarp.o)
                0x60e22158                RarpTry
 .bss           0x60e2215c        0x0 drivers/libdrivers.a(serial.o)
 .bss           0x60e2215c        0x0 drivers/libdrivers.a(ns16550.o)
 .bss           0x60e2215c      0x100 common/libcommon.a(main.o)
                0x60e2215c                console_buffer
 .bss           0x60e2225c        0x0 common/libcommon.a(cmd_bdinfo.o)
 .bss           0x60e2225c        0x0 common/libcommon.a(cmd_boot.o)
 .bss           0x60e2225c       0x40 common/libcommon.a(cmd_bootm.o)
                0x60e2225c                header
 .bss           0x60e2229c        0x0 common/libcommon.a(cmd_ext2.o)
 .bss           0x60e2229c        0x0 common/libcommon.a(cmd_fat.o)
 .bss           0x60e2229c       0xd4 common/libcommon.a(cmd_ide.o)
                0x60e2229c                ide_dev_desc
                0x60e2236c                ide_bus_offset
 .bss           0x60e22370       0x14 common/libcommon.a(cmd_mem.o)
                0x60e22374                mm_last_addr
                0x60e22378                mm_last_size
                0x60e2237c                dp_last_addr
                0x60e22380                dp_last_size
 .bss           0x60e22384        0x0 common/libcommon.a(cmd_nand.o)
 .bss           0x60e22384        0x0 common/libcommon.a(cmd_net.o)
 .bss           0x60e22384        0x0 common/libcommon.a(cmd_nvedit.o)
 .bss           0x60e22384        0x0 common/libcommon.a(cmd_ledfail.o)
 .bss           0x60e22384        0x0 common/libcommon.a(command.o)
 .bss           0x60e22384        0x8 common/libcommon.a(console.o)
 .bss           0x60e2238c       0x10 common/libcommon.a(devices.o)
                0x60e2238c                devlist
                0x60e22390                stdio_devices
 .bss           0x60e2239c       0x38 common/libcommon.a(dlmalloc.o)
 .bss           0x60e223d4        0x0 common/libcommon.a(env_common.o)
 .bss           0x60e223d4        0x4 common/libcommon.a(env_disk.o)
                0x60e223d4                env_ptr
 .bss           0x60e223d8        0x0 common/libcommon.a(exports.o)
 .bss           0x60e223d8      0x258 common/libcommon.a(hush.o)
                0x60e22400                last_return_code
                0x60e2262c                nesting_level
 .bss           0x60e22630        0x0 common/libcommon.a(lists.o)
 .bss           0x60e22630      0x244 drivers/mtd/nand/libnand.a(nand.o)
                0x60e226ec                nand_info
 .bss           0x60e22874        0x4 drivers/mtd/nand/libnand.a(nand_base.o)
 .bss           0x60e22878        0x0 drivers/mtd/nand/libnand.a(nand_ids.o)
 .bss           0x60e22878        0x0 drivers/mtd/nand/libnand.a(nand_ecc.o)
 .bss           0x60e22878        0x0 drivers/mtd/nand/libnand.a(nand_bbt.o)
 .bss           0x60e22878      0x948 drivers/mtd/nand/libnand.a(nand_util.o)
 .bss           0x60e231c0        0x0 /usr/lib/gcc/arm-unknown-linux-gnueabi/4.6.1/libgcc.a(_udivsi3.o)
 .bss           0x60e231c0        0x0 /usr/lib/gcc/arm-unknown-linux-gnueabi/4.6.1/libgcc.a(_divsi3.o)
 .bss           0x60e231c0        0x0 /usr/lib/gcc/arm-unknown-linux-gnueabi/4.6.1/libgcc.a(_dvmd_lnx.o)
 .bss           0x60e231c0        0x0 lib_generic/libgeneric.a(crc32.o)
 .bss           0x60e231c0        0x0 lib_generic/libgeneric.a(ctype.o)
 .bss           0x60e231c0        0x0 lib_generic/libgeneric.a(display_options.o)
 .bss           0x60e231c0        0x4 lib_generic/libgeneric.a(string.o)
                0x60e231c0                ___strtok
 .bss           0x60e231c4        0x0 lib_generic/libgeneric.a(vsprintf.o)
 .bss           0x60e231c4     0x10a8 lib_generic/libgeneric.a(zlib.o)
 .bss           0x60e2426c        0x0 board/oxnas/liboxnas.a(ox820.o)
 .bss           0x60e2426c       0x50 board/oxnas/liboxnas.a(eth.o)
 .bss           0x60e242bc       0x28 board/oxnas/liboxnas.a(ide-820.o)
 .bss           0x60e242e4        0x0 board/oxnas/liboxnas.a(synopsis.o)
 .bss           0x60e242e4        0x0 cpu/arm11/libarm11.a(cpu.o)
 .bss           0x60e242e4        0x4 lib_arm/libarm.a(armlinux.o)
 .bss           0x60e242e8        0x0 lib_arm/libarm.a(cache.o)
 .bss           0x60e242e8    0x30008 fs/fat/libfat.a(fat.o)
                0x60e242f0                get_vfatname_block
                0x60e342f0                do_fat_read_block
                0x60e442f0                get_dentfromdir_block
 .bss           0x60e542f0       0x1c fs/ext2/libext2fs.a(ext2fs.o)
                0x60e542f0                ext2fs_root
                0x60e542f4                indir1_block
                0x60e542f8                indir1_size
                0x60e542fc                indir2_block
                0x60e54300                indir2_size
                0x60e54304                symlinknest
                0x60e54308                ext2fs_file
 .bss           0x60e5430c       0x50 fs/ext2/libext2fs.a(dev.o)
 .bss           0x60e5435c        0x0 disk/libdisk.a(part.o)
 .bss           0x60e5435c        0x0 disk/libdisk.a(part_dos.o)
                0x60e5435c                _end = .
Address of section .text set to 0x60e00000
LOAD cpu/arm11/start.o
START GROUP
LOAD lib_generic/libgeneric.a
LOAD board/oxnas/liboxnas.a
LOAD cpu/arm11/libarm11.a
LOAD lib_arm/libarm.a
LOAD fs/cramfs/libcramfs.a
LOAD fs/fat/libfat.a
LOAD fs/fdos/libfdos.a
LOAD fs/jffs2/libjffs2.a
LOAD fs/reiserfs/libreiserfs.a
LOAD fs/ext2/libext2fs.a
LOAD net/libnet.a
LOAD disk/libdisk.a
LOAD rtc/librtc.a
LOAD dtt/libdtt.a
LOAD drivers/libdrivers.a
LOAD drivers/sk98lin/libsk98lin.a
LOAD post/libpost.a
LOAD post/cpu/libcpu.a
LOAD common/libcommon.a
LOAD drivers/mtd/nand/libnand.a
LOAD drivers/mtd/spi/libspi_flash.a
LOAD drivers/spi/libspi.a
LOAD /usr/lib/gcc/arm-unknown-linux-gnueabi/4.6.1/libgcc.a
END GROUP
OUTPUT(u-boot elf32-littlearm)

.ARM.attributes
                0x00000000       0x27
 .ARM.attributes
                0x00000000       0x1b cpu/arm11/start.o
 .ARM.attributes
                0x0000001b       0x1b board/oxnas/liboxnas.a(platform-820.o)
 .ARM.attributes
                0x00000036       0x2b cpu/arm11/libarm11.a(interrupts.o)
 .ARM.attributes
                0x00000061       0x2b lib_arm/libarm.a(board.o)
 .ARM.attributes
                0x0000008c       0x2b net/libnet.a(net.o)
 .ARM.attributes
                0x000000b7       0x2b net/libnet.a(tftp.o)
 .ARM.attributes
                0x000000e2       0x2b net/libnet.a(bootp.o)
 .ARM.attributes
                0x0000010d       0x2b net/libnet.a(rarp.o)
 .ARM.attributes
                0x00000138       0x2b drivers/libdrivers.a(serial.o)
 .ARM.attributes
                0x00000163       0x2b drivers/libdrivers.a(ns16550.o)
 .ARM.attributes
                0x0000018e       0x2b common/libcommon.a(main.o)
 .ARM.attributes
                0x000001b9       0x2b common/libcommon.a(cmd_bdinfo.o)
 .ARM.attributes
                0x000001e4       0x2b common/libcommon.a(cmd_boot.o)
 .ARM.attributes
                0x0000020f       0x2b common/libcommon.a(cmd_bootm.o)
 .ARM.attributes
                0x0000023a       0x2b common/libcommon.a(cmd_ext2.o)
 .ARM.attributes
                0x00000265       0x2b common/libcommon.a(cmd_fat.o)
 .ARM.attributes
                0x00000290       0x2b common/libcommon.a(cmd_ide.o)
 .ARM.attributes
                0x000002bb       0x2b common/libcommon.a(cmd_mem.o)
 .ARM.attributes
                0x000002e6       0x2b common/libcommon.a(cmd_nand.o)
 .ARM.attributes
                0x00000311       0x2b common/libcommon.a(cmd_net.o)
 .ARM.attributes
                0x0000033c       0x2b common/libcommon.a(cmd_nvedit.o)
 .ARM.attributes
                0x00000367       0x2b common/libcommon.a(cmd_ledfail.o)
 .ARM.attributes
                0x00000392       0x2b common/libcommon.a(command.o)
 .ARM.attributes
                0x000003bd       0x2b common/libcommon.a(console.o)
 .ARM.attributes
                0x000003e8       0x2b common/libcommon.a(devices.o)
 .ARM.attributes
                0x00000413       0x2b common/libcommon.a(dlmalloc.o)
 .ARM.attributes
                0x0000043e       0x2b common/libcommon.a(env_common.o)
 .ARM.attributes
                0x00000469       0x2b common/libcommon.a(env_disk.o)
 .ARM.attributes
                0x00000494       0x2b common/libcommon.a(exports.o)
 .ARM.attributes
                0x000004bf       0x2b common/libcommon.a(hush.o)
 .ARM.attributes
                0x000004ea       0x2b common/libcommon.a(lists.o)
 .ARM.attributes
                0x00000515       0x2b drivers/mtd/nand/libnand.a(nand.o)
 .ARM.attributes
                0x00000540       0x2b drivers/mtd/nand/libnand.a(nand_base.o)
 .ARM.attributes
                0x0000056b       0x2b drivers/mtd/nand/libnand.a(nand_ids.o)
 .ARM.attributes
                0x00000596       0x2b drivers/mtd/nand/libnand.a(nand_ecc.o)
 .ARM.attributes
                0x000005c1       0x2b drivers/mtd/nand/libnand.a(nand_bbt.o)
 .ARM.attributes
                0x000005ec       0x2b drivers/mtd/nand/libnand.a(nand_util.o)
 .ARM.attributes
                0x00000617       0x1f /usr/lib/gcc/arm-unknown-linux-gnueabi/4.6.1/libgcc.a(_udivsi3.o)
 .ARM.attributes
                0x00000636       0x1f /usr/lib/gcc/arm-unknown-linux-gnueabi/4.6.1/libgcc.a(_divsi3.o)
 .ARM.attributes
                0x00000655       0x1f /usr/lib/gcc/arm-unknown-linux-gnueabi/4.6.1/libgcc.a(_dvmd_lnx.o)
 .ARM.attributes
                0x00000674       0x2b lib_generic/libgeneric.a(crc32.o)
 .ARM.attributes
                0x0000069f       0x2b lib_generic/libgeneric.a(ctype.o)
 .ARM.attributes
                0x000006ca       0x2b lib_generic/libgeneric.a(display_options.o)
 .ARM.attributes
                0x000006f5       0x2b lib_generic/libgeneric.a(string.o)
 .ARM.attributes
                0x00000720       0x2b lib_generic/libgeneric.a(vsprintf.o)
 .ARM.attributes
                0x0000074b       0x2b lib_generic/libgeneric.a(zlib.o)
 .ARM.attributes
                0x00000776       0x2b board/oxnas/liboxnas.a(ox820.o)
 .ARM.attributes
                0x000007a1       0x2b board/oxnas/liboxnas.a(eth.o)
 .ARM.attributes
                0x000007cc       0x2b board/oxnas/liboxnas.a(ide-820.o)
 .ARM.attributes
                0x000007f7       0x2b board/oxnas/liboxnas.a(synopsis.o)
 .ARM.attributes
                0x00000822       0x2b cpu/arm11/libarm11.a(cpu.o)
 .ARM.attributes
                0x0000084d       0x2b lib_arm/libarm.a(armlinux.o)
 .ARM.attributes
                0x00000878       0x2b lib_arm/libarm.a(cache.o)
 .ARM.attributes
                0x000008a3       0x2b fs/fat/libfat.a(fat.o)
 .ARM.attributes
                0x000008ce       0x2b fs/ext2/libext2fs.a(ext2fs.o)
 .ARM.attributes
                0x000008f9       0x2b fs/ext2/libext2fs.a(dev.o)
 .ARM.attributes
                0x00000924       0x2b disk/libdisk.a(part.o)
 .ARM.attributes
                0x0000094f       0x2b disk/libdisk.a(part_dos.o)

.comment        0x00000000       0x11
 .comment       0x00000000       0x11 cpu/arm11/libarm11.a(interrupts.o)
                                 0x12 (size before relaxing)
 .comment       0x00000000       0x12 lib_arm/libarm.a(board.o)
 .comment       0x00000000       0x12 net/libnet.a(net.o)
 .comment       0x00000000       0x12 net/libnet.a(tftp.o)
 .comment       0x00000000       0x12 net/libnet.a(bootp.o)
 .comment       0x00000000       0x12 net/libnet.a(rarp.o)
 .comment       0x00000000       0x12 drivers/libdrivers.a(serial.o)
 .comment       0x00000000       0x12 drivers/libdrivers.a(ns16550.o)
 .comment       0x00000000       0x12 common/libcommon.a(main.o)
 .comment       0x00000000       0x12 common/libcommon.a(cmd_bdinfo.o)
 .comment       0x00000000       0x12 common/libcommon.a(cmd_boot.o)
 .comment       0x00000000       0x12 common/libcommon.a(cmd_bootm.o)
 .comment       0x00000000       0x12 common/libcommon.a(cmd_ext2.o)
 .comment       0x00000000       0x12 common/libcommon.a(cmd_fat.o)
 .comment       0x00000000       0x12 common/libcommon.a(cmd_ide.o)
 .comment       0x00000000       0x12 common/libcommon.a(cmd_mem.o)
 .comment       0x00000000       0x12 common/libcommon.a(cmd_nand.o)
 .comment       0x00000000       0x12 common/libcommon.a(cmd_net.o)
 .comment       0x00000000       0x12 common/libcommon.a(cmd_nvedit.o)
 .comment       0x00000000       0x12 common/libcommon.a(cmd_ledfail.o)
 .comment       0x00000000       0x12 common/libcommon.a(command.o)
 .comment       0x00000000       0x12 common/libcommon.a(console.o)
 .comment       0x00000000       0x12 common/libcommon.a(devices.o)
 .comment       0x00000000       0x12 common/libcommon.a(dlmalloc.o)
 .comment       0x00000000       0x12 common/libcommon.a(env_common.o)
 .comment       0x00000000       0x12 common/libcommon.a(env_disk.o)
 .comment       0x00000000       0x12 common/libcommon.a(exports.o)
 .comment       0x00000000       0x12 common/libcommon.a(hush.o)
 .comment       0x00000000       0x12 common/libcommon.a(lists.o)
 .comment       0x00000000       0x12 drivers/mtd/nand/libnand.a(nand.o)
 .comment       0x00000000       0x12 drivers/mtd/nand/libnand.a(nand_base.o)
 .comment       0x00000000       0x12 drivers/mtd/nand/libnand.a(nand_ids.o)
 .comment       0x00000000       0x12 drivers/mtd/nand/libnand.a(nand_ecc.o)
 .comment       0x00000000       0x12 drivers/mtd/nand/libnand.a(nand_bbt.o)
 .comment       0x00000000       0x12 drivers/mtd/nand/libnand.a(nand_util.o)
 .comment       0x00000000       0x12 lib_generic/libgeneric.a(crc32.o)
 .comment       0x00000000       0x12 lib_generic/libgeneric.a(ctype.o)
 .comment       0x00000000       0x12 lib_generic/libgeneric.a(display_options.o)
 .comment       0x00000000       0x12 lib_generic/libgeneric.a(string.o)
 .comment       0x00000000       0x12 lib_generic/libgeneric.a(vsprintf.o)
 .comment       0x00000000       0x12 lib_generic/libgeneric.a(zlib.o)
 .comment       0x00000000       0x12 board/oxnas/liboxnas.a(ox820.o)
 .comment       0x00000000       0x12 board/oxnas/liboxnas.a(eth.o)
 .comment       0x00000000       0x12 board/oxnas/liboxnas.a(ide-820.o)
 .comment       0x00000000       0x12 board/oxnas/liboxnas.a(synopsis.o)
 .comment       0x00000000       0x12 cpu/arm11/libarm11.a(cpu.o)
 .comment       0x00000000       0x12 lib_arm/libarm.a(armlinux.o)
 .comment       0x00000000       0x12 lib_arm/libarm.a(cache.o)
 .comment       0x00000000       0x12 fs/fat/libfat.a(fat.o)
 .comment       0x00000000       0x12 fs/ext2/libext2fs.a(ext2fs.o)
 .comment       0x00000000       0x12 fs/ext2/libext2fs.a(dev.o)
 .comment       0x00000000       0x12 disk/libdisk.a(part.o)
 .comment       0x00000000       0x12 disk/libdisk.a(part_dos.o)

.note.GNU-stack
                0x00000000        0x0
 .note.GNU-stack
                0x00000000        0x0 cpu/arm11/libarm11.a(interrupts.o)
 .note.GNU-stack
                0x00000000        0x0 lib_arm/libarm.a(board.o)
 .note.GNU-stack
                0x00000000        0x0 net/libnet.a(net.o)
 .note.GNU-stack
                0x00000000        0x0 net/libnet.a(tftp.o)
 .note.GNU-stack
                0x00000000        0x0 net/libnet.a(bootp.o)
 .note.GNU-stack
                0x00000000        0x0 net/libnet.a(rarp.o)
 .note.GNU-stack
                0x00000000        0x0 drivers/libdrivers.a(serial.o)
 .note.GNU-stack
                0x00000000        0x0 drivers/libdrivers.a(ns16550.o)
 .note.GNU-stack
                0x00000000        0x0 common/libcommon.a(main.o)
 .note.GNU-stack
                0x00000000        0x0 common/libcommon.a(cmd_bdinfo.o)
 .note.GNU-stack
                0x00000000        0x0 common/libcommon.a(cmd_boot.o)
 .note.GNU-stack
                0x00000000        0x0 common/libcommon.a(cmd_bootm.o)
 .note.GNU-stack
                0x00000000        0x0 common/libcommon.a(cmd_ext2.o)
 .note.GNU-stack
                0x00000000        0x0 common/libcommon.a(cmd_fat.o)
 .note.GNU-stack
                0x00000000        0x0 common/libcommon.a(cmd_ide.o)
 .note.GNU-stack
                0x00000000        0x0 common/libcommon.a(cmd_mem.o)
 .note.GNU-stack
                0x00000000        0x0 common/libcommon.a(cmd_nand.o)
 .note.GNU-stack
                0x00000000        0x0 common/libcommon.a(cmd_net.o)
 .note.GNU-stack
                0x00000000        0x0 common/libcommon.a(cmd_nvedit.o)
 .note.GNU-stack
                0x00000000        0x0 common/libcommon.a(cmd_ledfail.o)
 .note.GNU-stack
                0x00000000        0x0 common/libcommon.a(command.o)
 .note.GNU-stack
                0x00000000        0x0 common/libcommon.a(console.o)
 .note.GNU-stack
                0x00000000        0x0 common/libcommon.a(devices.o)
 .note.GNU-stack
                0x00000000        0x0 common/libcommon.a(dlmalloc.o)
 .note.GNU-stack
                0x00000000        0x0 common/libcommon.a(env_common.o)
 .note.GNU-stack
                0x00000000        0x0 common/libcommon.a(env_disk.o)
 .note.GNU-stack
                0x00000000        0x0 common/libcommon.a(exports.o)
 .note.GNU-stack
                0x00000000        0x0 common/libcommon.a(hush.o)
 .note.GNU-stack
                0x00000000        0x0 common/libcommon.a(lists.o)
 .note.GNU-stack
                0x00000000        0x0 drivers/mtd/nand/libnand.a(nand.o)
 .note.GNU-stack
                0x00000000        0x0 drivers/mtd/nand/libnand.a(nand_base.o)
 .note.GNU-stack
                0x00000000        0x0 drivers/mtd/nand/libnand.a(nand_ids.o)
 .note.GNU-stack
                0x00000000        0x0 drivers/mtd/nand/libnand.a(nand_ecc.o)
 .note.GNU-stack
                0x00000000        0x0 drivers/mtd/nand/libnand.a(nand_bbt.o)
 .note.GNU-stack
                0x00000000        0x0 drivers/mtd/nand/libnand.a(nand_util.o)
 .note.GNU-stack
                0x00000000        0x0 /usr/lib/gcc/arm-unknown-linux-gnueabi/4.6.1/libgcc.a(_udivsi3.o)
 .note.GNU-stack
                0x00000000        0x0 /usr/lib/gcc/arm-unknown-linux-gnueabi/4.6.1/libgcc.a(_divsi3.o)
 .note.GNU-stack
                0x00000000        0x0 /usr/lib/gcc/arm-unknown-linux-gnueabi/4.6.1/libgcc.a(_dvmd_lnx.o)
 .note.GNU-stack
                0x00000000        0x0 lib_generic/libgeneric.a(crc32.o)
 .note.GNU-stack
                0x00000000        0x0 lib_generic/libgeneric.a(ctype.o)
 .note.GNU-stack
                0x00000000        0x0 lib_generic/libgeneric.a(display_options.o)
 .note.GNU-stack
                0x00000000        0x0 lib_generic/libgeneric.a(string.o)
 .note.GNU-stack
                0x00000000        0x0 lib_generic/libgeneric.a(vsprintf.o)
 .note.GNU-stack
                0x00000000        0x0 lib_generic/libgeneric.a(zlib.o)
 .note.GNU-stack
                0x00000000        0x0 board/oxnas/liboxnas.a(ox820.o)
 .note.GNU-stack
                0x00000000        0x0 board/oxnas/liboxnas.a(eth.o)
 .note.GNU-stack
                0x00000000        0x0 board/oxnas/liboxnas.a(ide-820.o)
 .note.GNU-stack
                0x00000000        0x0 board/oxnas/liboxnas.a(synopsis.o)
 .note.GNU-stack
                0x00000000        0x0 cpu/arm11/libarm11.a(cpu.o)
 .note.GNU-stack
                0x00000000        0x0 lib_arm/libarm.a(armlinux.o)
 .note.GNU-stack
                0x00000000        0x0 lib_arm/libarm.a(cache.o)
 .note.GNU-stack
                0x00000000        0x0 fs/fat/libfat.a(fat.o)
 .note.GNU-stack
                0x00000000        0x0 fs/ext2/libext2fs.a(ext2fs.o)
 .note.GNU-stack
                0x00000000        0x0 fs/ext2/libext2fs.a(dev.o)
 .note.GNU-stack
                0x00000000        0x0 disk/libdisk.a(part.o)
 .note.GNU-stack
                0x00000000        0x0 disk/libdisk.a(part_dos.o)

.stab           0x00000000      0x3e4
 .stab          0x00000000      0x3c0 cpu/arm11/start.o
 .stab          0x000003c0       0x24 board/oxnas/liboxnas.a(platform-820.o)
                                 0x30 (size before relaxing)

.stabstr        0x00000000       0xa9
 .stabstr       0x00000000       0xa9 cpu/arm11/start.o

.debug_info     0x00000000    0x1fee4
 .debug_info    0x00000000      0x465 cpu/arm11/libarm11.a(interrupts.o)
 .debug_info    0x00000465      0x59a lib_arm/libarm.a(board.o)
 .debug_info    0x000009ff     0x193b net/libnet.a(net.o)
 .debug_info    0x0000233a      0x5d1 net/libnet.a(tftp.o)
 .debug_info    0x0000290b      0xb8e net/libnet.a(bootp.o)
 .debug_info    0x00003499      0x2cc net/libnet.a(rarp.o)
 .debug_info    0x00003765      0x40b drivers/libdrivers.a(serial.o)
 .debug_info    0x00003b70      0x272 drivers/libdrivers.a(ns16550.o)
 .debug_info    0x00003de2      0x9cd common/libcommon.a(main.o)
 .debug_info    0x000047af      0x47b common/libcommon.a(cmd_bdinfo.o)
 .debug_info    0x00004c2a      0x25a common/libcommon.a(cmd_boot.o)
 .debug_info    0x00004e84      0xd9d common/libcommon.a(cmd_bootm.o)
 .debug_info    0x00005c21      0x615 common/libcommon.a(cmd_ext2.o)
 .debug_info    0x00006236      0x67d common/libcommon.a(cmd_fat.o)
 .debug_info    0x000068b3     0x1563 common/libcommon.a(cmd_ide.o)
 .debug_info    0x00007e16     0x10be common/libcommon.a(cmd_mem.o)
 .debug_info    0x00008ed4     0x111c common/libcommon.a(cmd_nand.o)
 .debug_info    0x00009ff0      0x607 common/libcommon.a(cmd_net.o)
 .debug_info    0x0000a5f7      0x956 common/libcommon.a(cmd_nvedit.o)
 .debug_info    0x0000af4d      0x298 common/libcommon.a(cmd_ledfail.o)
 .debug_info    0x0000b1e5      0x6b6 common/libcommon.a(command.o)
 .debug_info    0x0000b89b      0x9e2 common/libcommon.a(console.o)
 .debug_info    0x0000c27d      0x304 common/libcommon.a(devices.o)
 .debug_info    0x0000c581      0xc39 common/libcommon.a(dlmalloc.o)
 .debug_info    0x0000d1ba      0x3d7 common/libcommon.a(env_common.o)
 .debug_info    0x0000d591      0x42f common/libcommon.a(env_disk.o)
 .debug_info    0x0000d9c0      0x2d7 common/libcommon.a(exports.o)
 .debug_info    0x0000dc97     0x199f common/libcommon.a(hush.o)
 .debug_info    0x0000f636      0x530 common/libcommon.a(lists.o)
 .debug_info    0x0000fb66      0xc8c drivers/mtd/nand/libnand.a(nand.o)
 .debug_info    0x000107f2     0x2629 drivers/mtd/nand/libnand.a(nand_base.o)
 .debug_info    0x00012e1b      0x14f drivers/mtd/nand/libnand.a(nand_ids.o)
 .debug_info    0x00012f6a      0x7bc drivers/mtd/nand/libnand.a(nand_ecc.o)
 .debug_info    0x00013726     0x1489 drivers/mtd/nand/libnand.a(nand_bbt.o)
 .debug_info    0x00014baf     0x1409 drivers/mtd/nand/libnand.a(nand_util.o)
 .debug_info    0x00015fb8      0x17a lib_generic/libgeneric.a(crc32.o)
 .debug_info    0x00016132       0x63 lib_generic/libgeneric.a(ctype.o)
 .debug_info    0x00016195      0x136 lib_generic/libgeneric.a(display_options.o)
 .debug_info    0x000162cb      0x98e lib_generic/libgeneric.a(string.o)
 .debug_info    0x00016c59      0x4c5 lib_generic/libgeneric.a(vsprintf.o)
 .debug_info    0x0001711e     0x1867 lib_generic/libgeneric.a(zlib.o)
 .debug_info    0x00018985      0xe9b board/oxnas/liboxnas.a(ox820.o)
 .debug_info    0x00019820     0x1a23 board/oxnas/liboxnas.a(eth.o)
 .debug_info    0x0001b243      0xbbb board/oxnas/liboxnas.a(ide-820.o)
 .debug_info    0x0001bdfe      0x2a3 board/oxnas/liboxnas.a(synopsis.o)
 .debug_info    0x0001c0a1      0x37b cpu/arm11/libarm11.a(cpu.o)
 .debug_info    0x0001c41c      0xacf lib_arm/libarm.a(armlinux.o)
 .debug_info    0x0001ceeb       0x60 lib_arm/libarm.a(cache.o)
 .debug_info    0x0001cf4b     0x138a fs/fat/libfat.a(fat.o)
 .debug_info    0x0001e2d5      0xedd fs/ext2/libext2fs.a(ext2fs.o)
 .debug_info    0x0001f1b2      0x346 fs/ext2/libext2fs.a(dev.o)
 .debug_info    0x0001f4f8      0x3ca disk/libdisk.a(part.o)
 .debug_info    0x0001f8c2      0x622 disk/libdisk.a(part_dos.o)

.debug_abbrev   0x00000000     0x6feb
 .debug_abbrev  0x00000000      0x243 cpu/arm11/libarm11.a(interrupts.o)
 .debug_abbrev  0x00000243      0x254 lib_arm/libarm.a(board.o)
 .debug_abbrev  0x00000497      0x451 net/libnet.a(net.o)
 .debug_abbrev  0x000008e8      0x1e6 net/libnet.a(tftp.o)
 .debug_abbrev  0x00000ace      0x2f1 net/libnet.a(bootp.o)
 .debug_abbrev  0x00000dbf      0x135 net/libnet.a(rarp.o)
 .debug_abbrev  0x00000ef4      0x174 drivers/libdrivers.a(serial.o)
 .debug_abbrev  0x00001068      0x139 drivers/libdrivers.a(ns16550.o)
 .debug_abbrev  0x000011a1      0x2b5 common/libcommon.a(main.o)
 .debug_abbrev  0x00001456      0x17d common/libcommon.a(cmd_bdinfo.o)
 .debug_abbrev  0x000015d3      0x124 common/libcommon.a(cmd_boot.o)
 .debug_abbrev  0x000016f7      0x37f common/libcommon.a(cmd_bootm.o)
 .debug_abbrev  0x00001a76      0x222 common/libcommon.a(cmd_ext2.o)
 .debug_abbrev  0x00001c98      0x1b7 common/libcommon.a(cmd_fat.o)
 .debug_abbrev  0x00001e4f      0x37c common/libcommon.a(cmd_ide.o)
 .debug_abbrev  0x000021cb      0x2f4 common/libcommon.a(cmd_mem.o)
 .debug_abbrev  0x000024bf      0x30c common/libcommon.a(cmd_nand.o)
 .debug_abbrev  0x000027cb      0x1e0 common/libcommon.a(cmd_net.o)
 .debug_abbrev  0x000029ab      0x295 common/libcommon.a(cmd_nvedit.o)
 .debug_abbrev  0x00002c40      0x146 common/libcommon.a(cmd_ledfail.o)
 .debug_abbrev  0x00002d86      0x254 common/libcommon.a(command.o)
 .debug_abbrev  0x00002fda      0x2be common/libcommon.a(console.o)
 .debug_abbrev  0x00003298      0x153 common/libcommon.a(devices.o)
 .debug_abbrev  0x000033eb      0x24e common/libcommon.a(dlmalloc.o)
 .debug_abbrev  0x00003639      0x16f common/libcommon.a(env_common.o)
 .debug_abbrev  0x000037a8      0x18d common/libcommon.a(env_disk.o)
 .debug_abbrev  0x00003935      0x116 common/libcommon.a(exports.o)
 .debug_abbrev  0x00003a4b      0x38a common/libcommon.a(hush.o)
 .debug_abbrev  0x00003dd5      0x1e5 common/libcommon.a(lists.o)
 .debug_abbrev  0x00003fba      0x1b9 drivers/mtd/nand/libnand.a(nand.o)
 .debug_abbrev  0x00004173      0x40b drivers/mtd/nand/libnand.a(nand_base.o)
 .debug_abbrev  0x0000457e       0x83 drivers/mtd/nand/libnand.a(nand_ids.o)
 .debug_abbrev  0x00004601      0x1b1 drivers/mtd/nand/libnand.a(nand_ecc.o)
 .debug_abbrev  0x000047b2      0x2fa drivers/mtd/nand/libnand.a(nand_bbt.o)
 .debug_abbrev  0x00004aac      0x26e drivers/mtd/nand/libnand.a(nand_util.o)
 .debug_abbrev  0x00004d1a       0x9f lib_generic/libgeneric.a(crc32.o)
 .debug_abbrev  0x00004db9       0x53 lib_generic/libgeneric.a(ctype.o)
 .debug_abbrev  0x00004e0c       0xc3 lib_generic/libgeneric.a(display_options.o)
 .debug_abbrev  0x00004ecf      0x209 lib_generic/libgeneric.a(string.o)
 .debug_abbrev  0x000050d8      0x216 lib_generic/libgeneric.a(vsprintf.o)
 .debug_abbrev  0x000052ee      0x335 lib_generic/libgeneric.a(zlib.o)
 .debug_abbrev  0x00005623      0x263 board/oxnas/liboxnas.a(ox820.o)
 .debug_abbrev  0x00005886      0x37e board/oxnas/liboxnas.a(eth.o)
 .debug_abbrev  0x00005c04      0x393 board/oxnas/liboxnas.a(ide-820.o)
 .debug_abbrev  0x00005f97      0x1bb board/oxnas/liboxnas.a(synopsis.o)
 .debug_abbrev  0x00006152      0x1b5 cpu/arm11/libarm11.a(cpu.o)
 .debug_abbrev  0x00006307      0x253 lib_arm/libarm.a(armlinux.o)
 .debug_abbrev  0x0000655a       0x45 lib_arm/libarm.a(cache.o)
 .debug_abbrev  0x0000659f      0x346 fs/fat/libfat.a(fat.o)
 .debug_abbrev  0x000068e5      0x2d0 fs/ext2/libext2fs.a(ext2fs.o)
 .debug_abbrev  0x00006bb5      0x107 fs/ext2/libext2fs.a(dev.o)
 .debug_abbrev  0x00006cbc      0x149 disk/libdisk.a(part.o)
 .debug_abbrev  0x00006e05      0x1e6 disk/libdisk.a(part_dos.o)

.debug_loc      0x00000000    0x189ca
 .debug_loc     0x00000000      0x388 cpu/arm11/libarm11.a(interrupts.o)
 .debug_loc     0x00000388      0x1f4 lib_arm/libarm.a(board.o)
 .debug_loc     0x0000057c      0xee7 net/libnet.a(net.o)
 .debug_loc     0x00001463      0x498 net/libnet.a(tftp.o)
 .debug_loc     0x000018fb      0x5c4 net/libnet.a(bootp.o)
 .debug_loc     0x00001ebf      0x12d net/libnet.a(rarp.o)
 .debug_loc     0x00001fec       0xc6 drivers/libdrivers.a(serial.o)
 .debug_loc     0x000020b2       0xb6 drivers/libdrivers.a(ns16550.o)
 .debug_loc     0x00002168      0xa59 common/libcommon.a(main.o)
 .debug_loc     0x00002bc1      0x134 common/libcommon.a(cmd_bdinfo.o)
 .debug_loc     0x00002cf5      0x157 common/libcommon.a(cmd_boot.o)
 .debug_loc     0x00002e4c      0x86d common/libcommon.a(cmd_bootm.o)
 .debug_loc     0x000036b9      0x571 common/libcommon.a(cmd_ext2.o)
 .debug_loc     0x00003c2a      0x543 common/libcommon.a(cmd_fat.o)
 .debug_loc     0x0000416d     0x103f common/libcommon.a(cmd_ide.o)
 .debug_loc     0x000051ac      0xf49 common/libcommon.a(cmd_mem.o)
 .debug_loc     0x000060f5      0x7d5 common/libcommon.a(cmd_nand.o)
 .debug_loc     0x000068ca      0x2d1 common/libcommon.a(cmd_net.o)
 .debug_loc     0x00006b9b      0x985 common/libcommon.a(cmd_nvedit.o)
 .debug_loc     0x00007520       0xff common/libcommon.a(cmd_ledfail.o)
 .debug_loc     0x0000761f      0x7fa common/libcommon.a(command.o)
 .debug_loc     0x00007e19      0x4dd common/libcommon.a(console.o)
 .debug_loc     0x000082f6       0x8b common/libcommon.a(devices.o)
 .debug_loc     0x00008381     0x1384 common/libcommon.a(dlmalloc.o)
 .debug_loc     0x00009705       0xa9 common/libcommon.a(env_common.o)
 .debug_loc     0x000097ae      0x168 common/libcommon.a(env_disk.o)
 .debug_loc     0x00009916       0x33 common/libcommon.a(exports.o)
 .debug_loc     0x00009949     0x1ad9 common/libcommon.a(hush.o)
 .debug_loc     0x0000b422      0x423 common/libcommon.a(lists.o)
 .debug_loc     0x0000b845       0x63 drivers/mtd/nand/libnand.a(nand.o)
 .debug_loc     0x0000b8a8     0x2c16 drivers/mtd/nand/libnand.a(nand_base.o)
 .debug_loc     0x0000e4be      0x1e0 drivers/mtd/nand/libnand.a(nand_ecc.o)
 .debug_loc     0x0000e69e      0xc33 drivers/mtd/nand/libnand.a(nand_bbt.o)
 .debug_loc     0x0000f2d1      0xb46 drivers/mtd/nand/libnand.a(nand_util.o)
 .debug_loc     0x0000fe17      0x24b lib_generic/libgeneric.a(crc32.o)
 .debug_loc     0x00010062      0x106 lib_generic/libgeneric.a(display_options.o)
 .debug_loc     0x00010168      0x9f1 lib_generic/libgeneric.a(string.o)
 .debug_loc     0x00010b59      0x96c lib_generic/libgeneric.a(vsprintf.o)
 .debug_loc     0x000114c5     0x3062 lib_generic/libgeneric.a(zlib.o)
 .debug_loc     0x00014527      0x111 board/oxnas/liboxnas.a(ox820.o)
 .debug_loc     0x00014638      0xc8b board/oxnas/liboxnas.a(eth.o)
 .debug_loc     0x000152c3      0xac3 board/oxnas/liboxnas.a(ide-820.o)
 .debug_loc     0x00015d86      0x12f board/oxnas/liboxnas.a(synopsis.o)
 .debug_loc     0x00015eb5      0x13c cpu/arm11/libarm11.a(cpu.o)
 .debug_loc     0x00015ff1      0x2a6 lib_arm/libarm.a(armlinux.o)
 .debug_loc     0x00016297     0x1338 fs/fat/libfat.a(fat.o)
 .debug_loc     0x000175cf      0xbfd fs/ext2/libext2fs.a(ext2fs.o)
 .debug_loc     0x000181cc      0x1c6 fs/ext2/libext2fs.a(dev.o)
 .debug_loc     0x00018392      0x281 disk/libdisk.a(part.o)
 .debug_loc     0x00018613      0x3b7 disk/libdisk.a(part_dos.o)

.debug_aranges  0x00000000      0x660
 .debug_aranges
                0x00000000       0x20 cpu/arm11/libarm11.a(interrupts.o)
 .debug_aranges
                0x00000020       0x20 lib_arm/libarm.a(board.o)
 .debug_aranges
                0x00000040       0x20 net/libnet.a(net.o)
 .debug_aranges
                0x00000060       0x20 net/libnet.a(tftp.o)
 .debug_aranges
                0x00000080       0x20 net/libnet.a(bootp.o)
 .debug_aranges
                0x000000a0       0x20 net/libnet.a(rarp.o)
 .debug_aranges
                0x000000c0       0x20 drivers/libdrivers.a(serial.o)
 .debug_aranges
                0x000000e0       0x20 drivers/libdrivers.a(ns16550.o)
 .debug_aranges
                0x00000100       0x20 common/libcommon.a(main.o)
 .debug_aranges
                0x00000120       0x20 common/libcommon.a(cmd_bdinfo.o)
 .debug_aranges
                0x00000140       0x20 common/libcommon.a(cmd_boot.o)
 .debug_aranges
                0x00000160       0x20 common/libcommon.a(cmd_bootm.o)
 .debug_aranges
                0x00000180       0x20 common/libcommon.a(cmd_ext2.o)
 .debug_aranges
                0x000001a0       0x20 common/libcommon.a(cmd_fat.o)
 .debug_aranges
                0x000001c0       0x20 common/libcommon.a(cmd_ide.o)
 .debug_aranges
                0x000001e0       0x20 common/libcommon.a(cmd_mem.o)
 .debug_aranges
                0x00000200       0x20 common/libcommon.a(cmd_nand.o)
 .debug_aranges
                0x00000220       0x20 common/libcommon.a(cmd_net.o)
 .debug_aranges
                0x00000240       0x20 common/libcommon.a(cmd_nvedit.o)
 .debug_aranges
                0x00000260       0x20 common/libcommon.a(cmd_ledfail.o)
 .debug_aranges
                0x00000280       0x20 common/libcommon.a(command.o)
 .debug_aranges
                0x000002a0       0x20 common/libcommon.a(console.o)
 .debug_aranges
                0x000002c0       0x20 common/libcommon.a(devices.o)
 .debug_aranges
                0x000002e0       0x20 common/libcommon.a(dlmalloc.o)
 .debug_aranges
                0x00000300       0x20 common/libcommon.a(env_common.o)
 .debug_aranges
                0x00000320       0x20 common/libcommon.a(env_disk.o)
 .debug_aranges
                0x00000340       0x20 common/libcommon.a(exports.o)
 .debug_aranges
                0x00000360       0x20 common/libcommon.a(hush.o)
 .debug_aranges
                0x00000380       0x20 common/libcommon.a(lists.o)
 .debug_aranges
                0x000003a0       0x20 drivers/mtd/nand/libnand.a(nand.o)
 .debug_aranges
                0x000003c0       0x20 drivers/mtd/nand/libnand.a(nand_base.o)
 .debug_aranges
                0x000003e0       0x20 drivers/mtd/nand/libnand.a(nand_ecc.o)
 .debug_aranges
                0x00000400       0x20 drivers/mtd/nand/libnand.a(nand_bbt.o)
 .debug_aranges
                0x00000420       0x20 drivers/mtd/nand/libnand.a(nand_util.o)
 .debug_aranges
                0x00000440       0x20 lib_generic/libgeneric.a(crc32.o)
 .debug_aranges
                0x00000460       0x20 lib_generic/libgeneric.a(display_options.o)
 .debug_aranges
                0x00000480       0x20 lib_generic/libgeneric.a(string.o)
 .debug_aranges
                0x000004a0       0x20 lib_generic/libgeneric.a(vsprintf.o)
 .debug_aranges
                0x000004c0       0x20 lib_generic/libgeneric.a(zlib.o)
 .debug_aranges
                0x000004e0       0x20 board/oxnas/liboxnas.a(ox820.o)
 .debug_aranges
                0x00000500       0x20 board/oxnas/liboxnas.a(eth.o)
 .debug_aranges
                0x00000520       0x20 board/oxnas/liboxnas.a(ide-820.o)
 .debug_aranges
                0x00000540       0x20 board/oxnas/liboxnas.a(synopsis.o)
 .debug_aranges
                0x00000560       0x20 cpu/arm11/libarm11.a(cpu.o)
 .debug_aranges
                0x00000580       0x20 lib_arm/libarm.a(armlinux.o)
 .debug_aranges
                0x000005a0       0x20 lib_arm/libarm.a(cache.o)
 .debug_aranges
                0x000005c0       0x20 fs/fat/libfat.a(fat.o)
 .debug_aranges
                0x000005e0       0x20 fs/ext2/libext2fs.a(ext2fs.o)
 .debug_aranges
                0x00000600       0x20 fs/ext2/libext2fs.a(dev.o)
 .debug_aranges
                0x00000620       0x20 disk/libdisk.a(part.o)
 .debug_aranges
                0x00000640       0x20 disk/libdisk.a(part_dos.o)

.debug_line     0x00000000     0x8ac3
 .debug_line    0x00000000      0x184 cpu/arm11/libarm11.a(interrupts.o)
 .debug_line    0x00000184      0x21b lib_arm/libarm.a(board.o)
 .debug_line    0x0000039f      0x654 net/libnet.a(net.o)
 .debug_line    0x000009f3      0x2ac net/libnet.a(tftp.o)
 .debug_line    0x00000c9f      0x325 net/libnet.a(bootp.o)
 .debug_line    0x00000fc4      0x166 net/libnet.a(rarp.o)
 .debug_line    0x0000112a      0x159 drivers/libdrivers.a(serial.o)
 .debug_line    0x00001283       0xbb drivers/libdrivers.a(ns16550.o)
 .debug_line    0x0000133e      0x322 common/libcommon.a(main.o)
 .debug_line    0x00001660      0x15f common/libcommon.a(cmd_bdinfo.o)
 .debug_line    0x000017bf       0xeb common/libcommon.a(cmd_boot.o)
 .debug_line    0x000018aa      0x375 common/libcommon.a(cmd_bootm.o)
 .debug_line    0x00001c1f      0x195 common/libcommon.a(cmd_ext2.o)
 .debug_line    0x00001db4      0x165 common/libcommon.a(cmd_fat.o)
 .debug_line    0x00001f19      0x4d6 common/libcommon.a(cmd_ide.o)
 .debug_line    0x000023ef      0x394 common/libcommon.a(cmd_mem.o)
 .debug_line    0x00002783      0x411 common/libcommon.a(cmd_nand.o)
 .debug_line    0x00002b94      0x169 common/libcommon.a(cmd_net.o)
 .debug_line    0x00002cfd      0x406 common/libcommon.a(cmd_nvedit.o)
 .debug_line    0x00003103      0x143 common/libcommon.a(cmd_ledfail.o)
 .debug_line    0x00003246      0x1d6 common/libcommon.a(command.o)
 .debug_line    0x0000341c      0x29e common/libcommon.a(console.o)
 .debug_line    0x000036ba       0xbb common/libcommon.a(devices.o)
 .debug_line    0x00003775      0x4e0 common/libcommon.a(dlmalloc.o)
 .debug_line    0x00003c55      0x178 common/libcommon.a(env_common.o)
 .debug_line    0x00003dcd      0x192 common/libcommon.a(env_disk.o)
 .debug_line    0x00003f5f      0x146 common/libcommon.a(exports.o)
 .debug_line    0x000040a5      0x714 common/libcommon.a(hush.o)
 .debug_line    0x000047b9      0x131 common/libcommon.a(lists.o)
 .debug_line    0x000048ea      0x1b4 drivers/mtd/nand/libnand.a(nand.o)
 .debug_line    0x00004a9e      0xa6e drivers/mtd/nand/libnand.a(nand_base.o)
 .debug_line    0x0000550c       0x7c drivers/mtd/nand/libnand.a(nand_ids.o)
 .debug_line    0x00005588      0x1e0 drivers/mtd/nand/libnand.a(nand_ecc.o)
 .debug_line    0x00005768      0x384 drivers/mtd/nand/libnand.a(nand_bbt.o)
 .debug_line    0x00005aec      0x481 drivers/mtd/nand/libnand.a(nand_util.o)
 .debug_line    0x00005f6d      0x12d lib_generic/libgeneric.a(crc32.o)
 .debug_line    0x0000609a       0x76 lib_generic/libgeneric.a(ctype.o)
 .debug_line    0x00006110       0xaf lib_generic/libgeneric.a(display_options.o)
 .debug_line    0x000061bf      0x2ea lib_generic/libgeneric.a(string.o)
 .debug_line    0x000064a9      0x2a5 lib_generic/libgeneric.a(vsprintf.o)
 .debug_line    0x0000674e      0x851 lib_generic/libgeneric.a(zlib.o)
 .debug_line    0x00006f9f      0x1f7 board/oxnas/liboxnas.a(ox820.o)
 .debug_line    0x00007196      0x543 board/oxnas/liboxnas.a(eth.o)
 .debug_line    0x000076d9      0x32c board/oxnas/liboxnas.a(ide-820.o)
 .debug_line    0x00007a05      0x100 board/oxnas/liboxnas.a(synopsis.o)
 .debug_line    0x00007b05      0x11e cpu/arm11/libarm11.a(cpu.o)
 .debug_line    0x00007c23      0x26f lib_arm/libarm.a(armlinux.o)
 .debug_line    0x00007e92       0x38 lib_arm/libarm.a(cache.o)
 .debug_line    0x00007eca      0x455 fs/fat/libfat.a(fat.o)
 .debug_line    0x0000831f      0x37d fs/ext2/libext2fs.a(ext2fs.o)
 .debug_line    0x0000869c      0x12a fs/ext2/libext2fs.a(dev.o)
 .debug_line    0x000087c6      0x14a disk/libdisk.a(part.o)
 .debug_line    0x00008910      0x1b3 disk/libdisk.a(part_dos.o)

.debug_str      0x00000000     0x683c
 .debug_str     0x00000000      0x1f2 cpu/arm11/libarm11.a(interrupts.o)
                                0x256 (size before relaxing)
 .debug_str     0x000001f2      0x236 lib_arm/libarm.a(board.o)
                                0x303 (size before relaxing)
 .debug_str     0x00000428      0x5f7 net/libnet.a(net.o)
                                0x7f6 (size before relaxing)
 .debug_str     0x00000a1f       0xec net/libnet.a(tftp.o)
                                0x29f (size before relaxing)
 .debug_str     0x00000b0b      0x176 net/libnet.a(bootp.o)
                                0x3ee (size before relaxing)
 .debug_str     0x00000c81       0x4c net/libnet.a(rarp.o)
                                0x1ab (size before relaxing)
 .debug_str     0x00000ccd       0xbd drivers/libdrivers.a(serial.o)
                                0x241 (size before relaxing)
 .debug_str     0x00000d8a       0x89 drivers/libdrivers.a(ns16550.o)
                                 0xf7 (size before relaxing)
 .debug_str     0x00000e13      0x1f1 common/libcommon.a(main.o)
                                0x3ab (size before relaxing)
 .debug_str     0x00001004       0x35 common/libcommon.a(cmd_bdinfo.o)
                                0x23f (size before relaxing)
 .debug_str     0x00001039       0x3a common/libcommon.a(cmd_boot.o)
                                0x162 (size before relaxing)
 .debug_str     0x00001073      0x237 common/libcommon.a(cmd_bootm.o)
                                0x4a3 (size before relaxing)
 .debug_str     0x000012aa       0xf9 common/libcommon.a(cmd_ext2.o)
                                0x289 (size before relaxing)
 .debug_str     0x000013a3       0x6d common/libcommon.a(cmd_fat.o)
                                0x24e (size before relaxing)
 .debug_str     0x00001410      0x42e common/libcommon.a(cmd_ide.o)
                                0x73d (size before relaxing)
 .debug_str     0x0000183e      0x21c common/libcommon.a(cmd_mem.o)
                                0x472 (size before relaxing)
 .debug_str     0x00001a5a      0x2df common/libcommon.a(cmd_nand.o)
                                0x5bf (size before relaxing)
 .debug_str     0x00001d39       0xa0 common/libcommon.a(cmd_net.o)
                                0x297 (size before relaxing)
 .debug_str     0x00001dd9       0xe3 common/libcommon.a(cmd_nvedit.o)
                                0x339 (size before relaxing)
 .debug_str     0x00001ebc       0x59 common/libcommon.a(cmd_ledfail.o)
                                0x18c (size before relaxing)
 .debug_str     0x00001f15      0x12a common/libcommon.a(command.o)
                                0x266 (size before relaxing)
 .debug_str     0x0000203f      0x23c common/libcommon.a(console.o)
                                0x45c (size before relaxing)
 .debug_str     0x0000227b       0x44 common/libcommon.a(devices.o)
                                0x1d6 (size before relaxing)
 .debug_str     0x000022bf      0x29d common/libcommon.a(dlmalloc.o)
                                0x4cc (size before relaxing)
 .debug_str     0x0000255c       0x7e common/libcommon.a(env_common.o)
                                0x254 (size before relaxing)
 .debug_str     0x000025da       0x62 common/libcommon.a(env_disk.o)
                                0x286 (size before relaxing)
 .debug_str     0x0000263c       0x19 common/libcommon.a(exports.o)
                                0x289 (size before relaxing)
 .debug_str     0x00002655      0x4eb common/libcommon.a(hush.o)
                                0x7ae (size before relaxing)
 .debug_str     0x00002b40      0x1dc common/libcommon.a(lists.o)
                                0x325 (size before relaxing)
 .debug_str     0x00002d1c      0x1c9 drivers/mtd/nand/libnand.a(nand.o)
                                0x5ac (size before relaxing)
 .debug_str     0x00002ee5      0x518 drivers/mtd/nand/libnand.a(nand_base.o)
                                0xade (size before relaxing)
 .debug_str     0x000033fd        0xb drivers/mtd/nand/libnand.a(nand_ids.o)
                                0x14f (size before relaxing)
 .debug_str     0x00003408       0x83 drivers/mtd/nand/libnand.a(nand_ecc.o)
                                0x3a7 (size before relaxing)
 .debug_str     0x0000348b      0x1f3 drivers/mtd/nand/libnand.a(nand_bbt.o)
                                0x778 (size before relaxing)
 .debug_str     0x0000367e      0x247 drivers/mtd/nand/libnand.a(nand_util.o)
                                0x891 (size before relaxing)
 .debug_str     0x000038c5       0x68 lib_generic/libgeneric.a(crc32.o)
                                0x11f (size before relaxing)
 .debug_str     0x0000392d        0x8 lib_generic/libgeneric.a(ctype.o)
                                 0x77 (size before relaxing)
 .debug_str     0x00003935       0x2d lib_generic/libgeneric.a(display_options.o)
                                0x11d (size before relaxing)
 .debug_str     0x00003962       0xe3 lib_generic/libgeneric.a(string.o)
                                0x1f8 (size before relaxing)
 .debug_str     0x00003a45       0x72 lib_generic/libgeneric.a(vsprintf.o)
                                0x1c2 (size before relaxing)
 .debug_str     0x00003ab7      0x3b4 lib_generic/libgeneric.a(zlib.o)
                                0x5c5 (size before relaxing)
 .debug_str     0x00003e6b       0xbe board/oxnas/liboxnas.a(ox820.o)
                                0x6b3 (size before relaxing)
 .debug_str     0x00003f29     0x1372 board/oxnas/liboxnas.a(eth.o)
                               0x157a (size before relaxing)
 .debug_str     0x0000529b      0x5c5 board/oxnas/liboxnas.a(ide-820.o)
                                0x712 (size before relaxing)
 .debug_str     0x00005860       0x83 board/oxnas/liboxnas.a(synopsis.o)
                                0x166 (size before relaxing)
 .debug_str     0x000058e3       0x71 cpu/arm11/libarm11.a(cpu.o)
                                0x1b0 (size before relaxing)
 .debug_str     0x00005954      0x25c lib_arm/libarm.a(armlinux.o)
                                0x58c (size before relaxing)
 .debug_str     0x00005bb0       0x22 lib_arm/libarm.a(cache.o)
                                 0x7d (size before relaxing)
 .debug_str     0x00005bd2      0x4a7 fs/fat/libfat.a(fat.o)
                                0x699 (size before relaxing)
 .debug_str     0x00006079      0x567 fs/ext2/libext2fs.a(ext2fs.o)
                                0x718 (size before relaxing)
 .debug_str     0x000065e0       0x6a fs/ext2/libext2fs.a(dev.o)
                                0x208 (size before relaxing)
 .debug_str     0x0000664a       0xaa disk/libdisk.a(part.o)
                                0x208 (size before relaxing)
 .debug_str     0x000066f4      0x148 disk/libdisk.a(part_dos.o)
                                0x2f3 (size before relaxing)

.debug_frame    0x00000000     0x30e0
 .debug_frame   0x00000000      0x1dc cpu/arm11/libarm11.a(interrupts.o)
 .debug_frame   0x000001dc       0xbc lib_arm/libarm.a(board.o)
 .debug_frame   0x00000298      0x2fc net/libnet.a(net.o)
 .debug_frame   0x00000594       0x88 net/libnet.a(tftp.o)
 .debug_frame   0x0000061c       0x88 net/libnet.a(bootp.o)
 .debug_frame   0x000006a4       0x60 net/libnet.a(rarp.o)
 .debug_frame   0x00000704       0x98 drivers/libdrivers.a(serial.o)
 .debug_frame   0x0000079c       0x60 drivers/libdrivers.a(ns16550.o)
 .debug_frame   0x000007fc       0xdc common/libcommon.a(main.o)
 .debug_frame   0x000008d8       0x2c common/libcommon.a(cmd_bdinfo.o)
 .debug_frame   0x00000904       0x2c common/libcommon.a(cmd_boot.o)
 .debug_frame   0x00000930       0xec common/libcommon.a(cmd_bootm.o)
 .debug_frame   0x00000a1c       0x74 common/libcommon.a(cmd_ext2.o)
 .debug_frame   0x00000a90       0x94 common/libcommon.a(cmd_fat.o)
 .debug_frame   0x00000b24      0x170 common/libcommon.a(cmd_ide.o)
 .debug_frame   0x00000c94      0x18c common/libcommon.a(cmd_mem.o)
 .debug_frame   0x00000e20       0xc4 common/libcommon.a(cmd_nand.o)
 .debug_frame   0x00000ee4       0x7c common/libcommon.a(cmd_net.o)
 .debug_frame   0x00000f60      0x11c common/libcommon.a(cmd_nvedit.o)
 .debug_frame   0x0000107c       0x28 common/libcommon.a(cmd_ledfail.o)
 .debug_frame   0x000010a4       0xe0 common/libcommon.a(command.o)
 .debug_frame   0x00001184      0x214 common/libcommon.a(console.o)
 .debug_frame   0x00001398       0x58 common/libcommon.a(devices.o)
 .debug_frame   0x000013f0      0x12c common/libcommon.a(dlmalloc.o)
 .debug_frame   0x0000151c       0x74 common/libcommon.a(env_common.o)
 .debug_frame   0x00001590       0x8c common/libcommon.a(env_disk.o)
 .debug_frame   0x0000161c       0x48 common/libcommon.a(exports.o)
 .debug_frame   0x00001664      0x2f0 common/libcommon.a(hush.o)
 .debug_frame   0x00001954      0x130 common/libcommon.a(lists.o)
 .debug_frame   0x00001a84       0x2c drivers/mtd/nand/libnand.a(nand.o)
 .debug_frame   0x00001ab0      0x450 drivers/mtd/nand/libnand.a(nand_base.o)
 .debug_frame   0x00001f00       0x4c drivers/mtd/nand/libnand.a(nand_ecc.o)
 .debug_frame   0x00001f4c      0x110 drivers/mtd/nand/libnand.a(nand_bbt.o)
 .debug_frame   0x0000205c       0xf0 drivers/mtd/nand/libnand.a(nand_util.o)
 .debug_frame   0x0000214c       0x48 lib_generic/libgeneric.a(crc32.o)
 .debug_frame   0x00002194       0x48 lib_generic/libgeneric.a(display_options.o)
 .debug_frame   0x000021dc      0x21c lib_generic/libgeneric.a(string.o)
 .debug_frame   0x000023f8       0xe4 lib_generic/libgeneric.a(vsprintf.o)
 .debug_frame   0x000024dc      0x1e0 lib_generic/libgeneric.a(zlib.o)
 .debug_frame   0x000026bc       0xbc board/oxnas/liboxnas.a(ox820.o)
 .debug_frame   0x00002778      0x1d8 board/oxnas/liboxnas.a(eth.o)
 .debug_frame   0x00002950      0x178 board/oxnas/liboxnas.a(ide-820.o)
 .debug_frame   0x00002ac8       0x60 board/oxnas/liboxnas.a(synopsis.o)
 .debug_frame   0x00002b28       0xa4 cpu/arm11/libarm11.a(cpu.o)
 .debug_frame   0x00002bcc       0x4c lib_arm/libarm.a(armlinux.o)
 .debug_frame   0x00002c18       0x20 lib_arm/libarm.a(cache.o)
 .debug_frame   0x00002c38      0x1bc fs/fat/libfat.a(fat.o)
 .debug_frame   0x00002df4      0x150 fs/ext2/libext2fs.a(ext2fs.o)
 .debug_frame   0x00002f44       0x50 fs/ext2/libext2fs.a(dev.o)
 .debug_frame   0x00002f94       0x7c disk/libdisk.a(part.o)
 .debug_frame   0x00003010       0xd0 disk/libdisk.a(part_dos.o)

.debug_ranges   0x00000000     0x1870
 .debug_ranges  0x00000000       0x38 lib_arm/libarm.a(board.o)
 .debug_ranges  0x00000038      0x198 net/libnet.a(net.o)
 .debug_ranges  0x000001d0       0xa0 net/libnet.a(tftp.o)
 .debug_ranges  0x00000270      0x1d0 net/libnet.a(bootp.o)
 .debug_ranges  0x00000440       0x18 net/libnet.a(rarp.o)
 .debug_ranges  0x00000458       0x98 common/libcommon.a(main.o)
 .debug_ranges  0x000004f0       0x70 common/libcommon.a(cmd_bootm.o)
 .debug_ranges  0x00000560       0x18 common/libcommon.a(cmd_ext2.o)
 .debug_ranges  0x00000578       0x18 common/libcommon.a(cmd_fat.o)
 .debug_ranges  0x00000590       0xa8 common/libcommon.a(cmd_ide.o)
 .debug_ranges  0x00000638       0xd0 common/libcommon.a(cmd_mem.o)
 .debug_ranges  0x00000708       0x98 common/libcommon.a(cmd_nand.o)
 .debug_ranges  0x000007a0       0x80 common/libcommon.a(cmd_nvedit.o)
 .debug_ranges  0x00000820       0x60 common/libcommon.a(command.o)
 .debug_ranges  0x00000880       0x30 common/libcommon.a(console.o)
 .debug_ranges  0x000008b0      0x278 common/libcommon.a(hush.o)
 .debug_ranges  0x00000b28       0x18 drivers/mtd/nand/libnand.a(nand.o)
 .debug_ranges  0x00000b40      0x1a0 drivers/mtd/nand/libnand.a(nand_base.o)
 .debug_ranges  0x00000ce0       0x70 drivers/mtd/nand/libnand.a(nand_util.o)
 .debug_ranges  0x00000d50       0x38 lib_generic/libgeneric.a(string.o)
 .debug_ranges  0x00000d88      0x2f0 lib_generic/libgeneric.a(zlib.o)
 .debug_ranges  0x00001078       0x28 board/oxnas/liboxnas.a(ox820.o)
 .debug_ranges  0x000010a0      0x360 board/oxnas/liboxnas.a(eth.o)
 .debug_ranges  0x00001400      0x150 board/oxnas/liboxnas.a(ide-820.o)
 .debug_ranges  0x00001550       0xe0 board/oxnas/liboxnas.a(synopsis.o)
 .debug_ranges  0x00001630       0x18 lib_arm/libarm.a(armlinux.o)
 .debug_ranges  0x00001648      0x108 fs/fat/libfat.a(fat.o)
 .debug_ranges  0x00001750      0x120 fs/ext2/libext2fs.a(ext2fs.o)
